Component: Arm Compiler for Embedded 6.22 Tool: armlink [5ee90200]

==============================================================================

Section Cross References

    main.o(.text.main) refers to systick_delay.o(.text.SysTick_Delay_Init) for SysTick_Delay_Init
    main.o(.text.main) refers to edubase_lcd.o(.text.EduBase_LCD_Init) for EduBase_LCD_Init
    main.o(.text.main) refers to adc.o(.text.ADC_Init) for ADC_Init
    main.o(.text.main) refers to gpio.o(.text.EduBase_LEDs_Init) for EduBase_LEDs_Init
    main.o(.text.main) refers to edubase_lcd.o(.text.EduBase_LCD_Enable_Display) for EduBase_LCD_Enable_Display
    main.o(.text.main) refers to edubase_lcd.o(.text.EduBase_LCD_Clear_Display) for EduBase_LCD_Clear_Display
    main.o(.text.main) refers to edubase_lcd.o(.text.EduBase_LCD_Set_Cursor) for EduBase_LCD_Set_Cursor
    main.o(.text.main) refers to main.o(.rodata.str1.1) for .L.str
    main.o(.text.main) refers to edubase_lcd.o(.text.EduBase_LCD_Display_String) for EduBase_LCD_Display_String
    main.o(.text.main) refers to main.o(.bss.adc_buffer) for adc_buffer
    main.o(.text.main) refers to adc.o(.text.ADC_Sample) for ADC_Sample
    main.o(.text.main) refers to edubase_lcd.o(.text.EduBase_LCD_Display_Double) for EduBase_LCD_Display_Double
    main.o(.text.main) refers to systick_delay.o(.text.SysTick_Delay1ms) for SysTick_Delay1ms
    main.o(.text.main) refers to adc.o(.text.Analog_Voltage_to_Digital) for Analog_Voltage_to_Digital
    main.o(.text.main) refers to edubase_lcd.o(.text.EduBase_LCD_Display_Integer) for EduBase_LCD_Display_Integer
    main.o(.text.main) refers to gpio.o(.text.EduBase_LEDs_Output) for EduBase_LEDs_Output
    main.o(.ARM.exidx.text.main) refers to main.o(.text.main) for [Anonymous Symbol]
    gpio.o(.ARM.exidx.text.RGB_LED_Init) refers to gpio.o(.text.RGB_LED_Init) for [Anonymous Symbol]
    gpio.o(.ARM.exidx.text.RGB_LED_Output) refers to gpio.o(.text.RGB_LED_Output) for [Anonymous Symbol]
    gpio.o(.ARM.exidx.text.RGB_LED_Status) refers to gpio.o(.text.RGB_LED_Status) for [Anonymous Symbol]
    gpio.o(.ARM.exidx.text.EduBase_LEDs_Init) refers to gpio.o(.text.EduBase_LEDs_Init) for [Anonymous Symbol]
    gpio.o(.ARM.exidx.text.EduBase_LEDs_Output) refers to gpio.o(.text.EduBase_LEDs_Output) for [Anonymous Symbol]
    gpio.o(.ARM.exidx.text.EduBase_Button_Init) refers to gpio.o(.text.EduBase_Button_Init) for [Anonymous Symbol]
    gpio.o(.ARM.exidx.text.Get_EduBase_Button_Status) refers to gpio.o(.text.Get_EduBase_Button_Status) for [Anonymous Symbol]
    gpio.o(.ARM.exidx.text.Change_Counter_Speed) refers to gpio.o(.text.Change_Counter_Speed) for [Anonymous Symbol]
    systick_delay.o(.ARM.exidx.text.SysTick_Delay_Init) refers to systick_delay.o(.text.SysTick_Delay_Init) for [Anonymous Symbol]
    systick_delay.o(.text.SysTick_Delay1us) refers to systick_delay.o(.bss.us_elapsed) for us_elapsed
    systick_delay.o(.ARM.exidx.text.SysTick_Delay1us) refers to systick_delay.o(.text.SysTick_Delay1us) for [Anonymous Symbol]
    systick_delay.o(.text.SysTick_Delay1ms) refers to systick_delay.o(.bss.us_elapsed) for us_elapsed
    systick_delay.o(.text.SysTick_Delay1ms) refers to systick_delay.o(.bss.ms_elapsed) for ms_elapsed
    systick_delay.o(.text.SysTick_Delay1ms) refers to systick_delay.o(.bss.ms_active) for ms_active
    systick_delay.o(.ARM.exidx.text.SysTick_Delay1ms) refers to systick_delay.o(.text.SysTick_Delay1ms) for [Anonymous Symbol]
    systick_delay.o(.text.SysTick_Handler) refers to systick_delay.o(.bss.us_elapsed) for us_elapsed
    systick_delay.o(.text.SysTick_Handler) refers to systick_delay.o(.bss.ms_active) for ms_active
    systick_delay.o(.text.SysTick_Handler) refers to systick_delay.o(.bss.ms_elapsed) for ms_elapsed
    systick_delay.o(.ARM.exidx.text.SysTick_Handler) refers to systick_delay.o(.text.SysTick_Handler) for [Anonymous Symbol]
    edubase_lcd.o(.ARM.exidx.text.EduBase_LCD_Ports_Init) refers to edubase_lcd.o(.text.EduBase_LCD_Ports_Init) for [Anonymous Symbol]
    edubase_lcd.o(.text.EduBase_LCD_Pulse_Enable) refers to systick_delay.o(.text.SysTick_Delay1us) for SysTick_Delay1us
    edubase_lcd.o(.ARM.exidx.text.EduBase_LCD_Pulse_Enable) refers to edubase_lcd.o(.text.EduBase_LCD_Pulse_Enable) for [Anonymous Symbol]
    edubase_lcd.o(.text.EduBase_LCD_Write_4_Bits) refers to edubase_lcd.o(.text.EduBase_LCD_Pulse_Enable) for EduBase_LCD_Pulse_Enable
    edubase_lcd.o(.text.EduBase_LCD_Write_4_Bits) refers to systick_delay.o(.text.SysTick_Delay1us) for SysTick_Delay1us
    edubase_lcd.o(.ARM.exidx.text.EduBase_LCD_Write_4_Bits) refers to edubase_lcd.o(.text.EduBase_LCD_Write_4_Bits) for [Anonymous Symbol]
    edubase_lcd.o(.text.EduBase_LCD_Send_Command) refers to edubase_lcd.o(.text.EduBase_LCD_Write_4_Bits) for EduBase_LCD_Write_4_Bits
    edubase_lcd.o(.text.EduBase_LCD_Send_Command) refers to systick_delay.o(.text.SysTick_Delay1us) for SysTick_Delay1us
[...]
    .ARM.Collect$$_printf_percent$$00000015  0x00000370   Section        6  _printf_lc.o(.ARM.Collect$$_printf_percent$$00000015)
    .ARM.Collect$$_printf_percent$$00000016  0x00000376   Section        6  _printf_ls.o(.ARM.Collect$$_printf_percent$$00000016)
    .ARM.Collect$$_printf_percent$$00000017  0x0000037c   Section        4  _printf_percent_end.o(.ARM.Collect$$_printf_percent$$00000017)
    .ARM.Collect$$libinit$$00000000          0x00000380   Section        2  libinit.o(.ARM.Collect$$libinit$$00000000)
    .ARM.Collect$$libinit$$00000001          0x00000382   Section        4  libinit2.o(.ARM.Collect$$libinit$$00000001)
    .ARM.Collect$$libinit$$00000004          0x00000386   Section        0  libinit2.o(.ARM.Collect$$libinit$$00000004)
    .ARM.Collect$$libinit$$00000006          0x00000386   Section        0  libinit2.o(.ARM.Collect$$libinit$$00000006)
    .ARM.Collect$$libinit$$0000000C          0x00000386   Section        0  libinit2.o(.ARM.Collect$$libinit$$0000000C)
    .ARM.Collect$$libinit$$0000000E          0x00000386   Section        0  libinit2.o(.ARM.Collect$$libinit$$0000000E)
    .ARM.Collect$$libinit$$00000010          0x00000386   Section        0  libinit2.o(.ARM.Collect$$libinit$$00000010)
    .ARM.Collect$$libinit$$00000011          0x00000386   Section        6  libinit2.o(.ARM.Collect$$libinit$$00000011)
    .ARM.Collect$$libinit$$00000013          0x0000038c   Section        0  libinit2.o(.ARM.Collect$$libinit$$00000013)
    .ARM.Collect$$libinit$$00000014          0x0000038c   Section       12  libinit2.o(.ARM.Collect$$libinit$$00000014)
    .ARM.Collect$$libinit$$00000015          0x00000398   Section        0  libinit2.o(.ARM.Collect$$libinit$$00000015)
    .ARM.Collect$$libinit$$00000017          0x00000398   Section        0  libinit2.o(.ARM.Collect$$libinit$$00000017)
    .ARM.Collect$$libinit$$00000018          0x00000398   Section       10  libinit2.o(.ARM.Collect$$libinit$$00000018)
    .ARM.Collect$$libinit$$00000019          0x000003a2   Section        0  libinit2.o(.ARM.Collect$$libinit$$00000019)
    .ARM.Collect$$libinit$$0000001B          0x000003a2   Section        0  libinit2.o(.ARM.Collect$$libinit$$0000001B)
    .ARM.Collect$$libinit$$0000001D          0x000003a2   Section        0  libinit2.o(.ARM.Collect$$libinit$$0000001D)
    .ARM.Collect$$libinit$$0000001F          0x000003a2   Section        0  libinit2.o(.ARM.Collect$$libinit$$0000001F)
    .ARM.Collect$$libinit$$00000021          0x000003a2   Section        0  libinit2.o(.ARM.Collect$$libinit$$00000021)
    .ARM.Collect$$libinit$$00000023          0x000003a2   Section        0  libinit2.o(.ARM.Collect$$libinit$$00000023)
    .ARM.Collect$$libinit$$00000025          0x000003a2   Section        0  libinit2.o(.ARM.Collect$$libinit$$00000025)
    .ARM.Collect$$libinit$$00000027          0x000003a2   Section        0  libinit2.o(.ARM.Collect$$libinit$$00000027)
    .ARM.Collect$$libinit$$0000002E          0x000003a2   Section        0  libinit2.o(.ARM.Collect$$libinit$$0000002E)
    .ARM.Collect$$libinit$$00000030          0x000003a2   Section        0  libinit2.o(.ARM.Collect$$libinit$$00000030)
    .ARM.Collect$$libinit$$00000032          0x000003a2   Section        0  libinit2.o(.ARM.Collect$$libinit$$00000032)
    .ARM.Collect$$libinit$$00000034          0x000003a2   Section        0  libinit2.o(.ARM.Collect$$libinit$$00000034)
    .ARM.Collect$$libinit$$00000035          0x000003a2   Section        2  libinit2.o(.ARM.Collect$$libinit$$00000035)
    .ARM.Collect$$libshutdown$$00000000      0x000003a4   Section        2  libshutdown.o(.ARM.Collect$$libshutdown$$00000000)
    .ARM.Collect$$libshutdown$$00000002      0x000003a6   Section        0  libshutdown2.o(.ARM.Collect$$libshutdown$$00000002)
    .ARM.Collect$$libshutdown$$00000004      0x000003a6   Section        0  libshutdown2.o(.ARM.Collect$$libshutdown$$00000004)
    .ARM.Collect$$libshutdown$$00000007      0x000003a6   Section        0  libshutdown2.o(.ARM.Collect$$libshutdown$$00000007)
    .ARM.Collect$$libshutdown$$0000000A      0x000003a6   Section        0  libshutdown2.o(.ARM.Collect$$libshutdown$$0000000A)
    .ARM.Collect$$libshutdown$$0000000C      0x000003a6   Section        0  libshutdown2.o(.ARM.Collect$$libshutdown$$0000000C)
    .ARM.Collect$$libshutdown$$0000000F      0x000003a6   Section        0  libshutdown2.o(.ARM.Collect$$libshutdown$$0000000F)
    .ARM.Collect$$libshutdown$$00000010      0x000003a6   Section        2  libshutdown2.o(.ARM.Collect$$libshutdown$$00000010)
    .ARM.Collect$$rtentry$$00000000          0x000003a8   Section        0  __rtentry.o(.ARM.Collect$$rtentry$$00000000)
    .ARM.Collect$$rtentry$$00000002          0x000003a8   Section        0  __rtentry2.o(.ARM.Collect$$rtentry$$00000002)
    .ARM.Collect$$rtentry$$00000004          0x000003a8   Section        6  __rtentry4.o(.ARM.Collect$$rtentry$$00000004)
    .ARM.Collect$$rtentry$$00000009          0x000003ae   Section        0  __rtentry2.o(.ARM.Collect$$rtentry$$00000009)
    .ARM.Collect$$rtentry$$0000000A          0x000003ae   Section        4  __rtentry2.o(.ARM.Collect$$rtentry$$0000000A)
    .ARM.Collect$$rtentry$$0000000C          0x000003b2   Section        0  __rtentry2.o(.ARM.Collect$$rtentry$$0000000C)
    .ARM.Collect$$rtentry$$0000000D          0x000003b2   Section        8  __rtentry2.o(.ARM.Collect$$rtentry$$0000000D)
    .ARM.Collect$$rtexit$$00000000           0x000003ba   Section        2  rtexit.o(.ARM.Collect$$rtexit$$00000000)
    .ARM.Collect$$rtexit$$00000002           0x000003bc   Section        0  rtexit2.o(.ARM.Collect$$rtexit$$00000002)
    .ARM.Collect$$rtexit$$00000003           0x000003bc   Section        4  rtexit2.o(.ARM.Collect$$rtexit$$00000003)
    .ARM.Collect$$rtexit$$00000004           0x000003c0   Section        6  rtexit2.o(.ARM.Collect$$rtexit$$00000004)
    $v0                                      0x000003c8   Number         0  startup_tm4c123.o(.text)
    .text                                    0x000003c8   Section      280  startup_tm4c123.o(.text)
    .text                                    0x000004e0   Section        0  sprintf.o(.text)
    .text                                    0x0000050c   Section        0  strlen.o(.text)
    .text                                    0x0000054a   Section        0  heapauxi.o(.text)
    .text                                    0x00000550   Section        0  _printf_pad.o(.text)
    .text                                    0x0000059e   Section        0  _printf_truncate.o(.text)
    .text                                    0x000005c2   Section        0  _printf_str.o(.text)
    .text                                    0x00000614   Section        0  _printf_dec.o(.text)
    .text                                    0x0000068c   Section        0  _printf_charcount.o(.text)
    _printf_input_char                       0x000006b5   Thumb Code    10  _printf_char_common.o(.text)
    .text                                    0x000006b4   Section        0  _printf_char_common.o(.text)
    .text                                    0x000006e4   Section        0  _sputc.o(.text)
    .text                                    0x000006f0   Section        0  _printf_wctomb.o(.text)
    .text                                    0x000007ac   Section        0  _printf_longlong_dec.o(.text)
    _printf_longlong_oct_internal            0x00000829   Thumb Code     0  _printf_oct_int_ll.o(.text)
    .text                                    0x00000828   Section        0  _printf_oct_int_ll.o(.text)
    _printf_hex_common                       0x00000899   Thumb Code     0  _printf_hex_int_ll_ptr.o(.text)
    .text                                    0x00000898   Section        0  _printf_hex_int_ll_ptr.o(.text)
    .text                                    0x0000092c   Section        0  __printf_flags_ss_wp.o(.text)
    .text                                    0x00000ab4   Section      138  lludiv10.o(.text)
    .text                                    0x00000b3e   Section        0  _printf_intcommon.o(.text)
    _fp_digits                               0x00000bf1   Thumb Code   432  _printf_fp_dec.o(.text)
    .text                                    0x00000bf0   Section        0  _printf_fp_dec.o(.text)
    .text                                    0x0000100c   Section        0  _printf_fp_hex.o(.text)
    .text                                    0x00001308   Section        0  _printf_char.o(.text)
    .text                                    0x00001334   Section        0  _printf_wchar.o(.text)
    .text                                    0x00001360   Section        0  _c16rtomb.o(.text)
    .text                                    0x000013a8   Section       74  sys_stackheap_outer.o(.text)
    .text                                    0x000013f4   Section       16  rt_ctype_table.o(.text)
    .text                                    0x00001404   Section        8  rt_locale_intlibspace.o(.text)
    .text                                    0x0000140c   Section        0  _printf_fp_infnan.o(.text)
    .text                                    0x0000148c   Section        0  bigflt0.o(.text)
    .text                                    0x00001570   Section        0  exit.o(.text)
    .text                                    0x00001584   Section        8  libspace.o(.text)
    .text                                    0x00001590   Section      124  strcmpv7em.o(.text)
    .text                                    0x0000160c   Section        0  sys_exit.o(.text)
    .text                                    0x00001618   Section        2  use_no_semi.o(.text)
    .text                                    0x0000161a   Section        0  indicate_semi.o(.text)
    [Anonymous Symbol]                       0x0000161c   Section        0  adc.o(.text.ADC_Init)
    [Anonymous Symbol]                       0x00001700   Section        0  adc.o(.text.ADC_Sample)
    [Anonymous Symbol]                       0x000017d0   Section        0  adc.o(.text.Analog_Voltage_to_Digital)
    [Anonymous Symbol]                       0x000018bc   Section        0  edubase_lcd.o(.text.EduBase_LCD_Clear_Display)
    [Anonymous Symbol]                       0x000018c8   Section        0  edubase_lcd.o(.text.EduBase_LCD_Disable_Cursor)
    [Anonymous Symbol]                       0x000018e8   Section        0  edubase_lcd.o(.text.EduBase_LCD_Disable_Cursor_Blink)
    [Anonymous Symbol]                       0x00001908   Section        0  edubase_lcd.o(.text.EduBase_LCD_Display_Double)
    [Anonymous Symbol]                       0x00001934   Section        0  edubase_lcd.o(.text.EduBase_LCD_Display_Integer)
    [Anonymous Symbol]                       0x00001958   Section        0  edubase_lcd.o(.text.EduBase_LCD_Display_String)
    [Anonymous Symbol]                       0x00001990   Section        0  edubase_lcd.o(.text.EduBase_LCD_Enable_Display)
    [Anonymous Symbol]                       0x000019b0   Section        0  edubase_lcd.o(.text.EduBase_LCD_Init)
    [Anonymous Symbol]                       0x00001a18   Section        0  edubase_lcd.o(.text.EduBase_LCD_Ports_Init)
    [Anonymous Symbol]                       0x00001afc   Section        0  edubase_lcd.o(.text.EduBase_LCD_Pulse_Enable)
    [Anonymous Symbol]                       0x00001b38   Section        0  edubase_lcd.o(.text.EduBase_LCD_Return_Home)
    [Anonymous Symbol]                       0x00001b44   Section        0  edubase_lcd.o(.text.EduBase_LCD_Send_Command)
    [Anonymous Symbol]                       0x00001b8c   Section        0  edubase_lcd.o(.text.EduBase_LCD_Send_Data)
    [Anonymous Symbol]                       0x00001bb8   Section        0  edubase_lcd.o(.text.EduBase_LCD_Set_Cursor)
    [Anonymous Symbol]                       0x00001c08   Section        0  edubase_lcd.o(.text.EduBase_LCD_Write_4_Bits)
    [Anonymous Symbol]                       0x00001c7c   Section        0  gpio.o(.text.EduBase_LEDs_Init)
    [Anonymous Symbol]                       0x00001cd0   Section        0  gpio.o(.text.EduBase_LEDs_Output)
    [Anonymous Symbol]                       0x00001cf0   Section        0  systick_delay.o(.text.SysTick_Delay1ms)
    [Anonymous Symbol]                       0x00001d3c   Section        0  systick_delay.o(.text.SysTick_Delay1us)
    [Anonymous Symbol]                       0x00001d68   Section        0  systick_delay.o(.text.SysTick_Delay_Init)
    [Anonymous Symbol]                       0x00001d94   Section        0  systick_delay.o(.text.SysTick_Handler)
    [Anonymous Symbol]                       0x00001ddc   Section        0  system_tm4c123.o(.text.SystemInit)
    [Anonymous Symbol]                       0x00001ee8   Section        0  main.o(.text.main)
    CL$$btod_d2e                             0x00001fd8   Section       62  btod.o(CL$$btod_d2e)
    CL$$btod_d2e_denorm_low                  0x00002016   Section       70  btod.o(CL$$btod_d2e_denorm_low)
    CL$$btod_d2e_norm_op1                    0x0000205c   Section       96  btod.o(CL$$btod_d2e_norm_op1)
    CL$$btod_div_common                      0x000020bc   Section      824  btod.o(CL$$btod_div_common)
    CL$$btod_e2e                             0x000023f4   Section      220  btod.o(CL$$btod_e2e)
    CL$$btod_ediv                            0x000024d0   Section       42  btod.o(CL$$btod_ediv)
    CL$$btod_emul                            0x000024fa   Section       42  btod.o(CL$$btod_emul)
    CL$$btod_mult_common                     0x00002524   Section      580  btod.o(CL$$btod_mult_common)
    i.__ARM_fpclassify                       0x00002768   Section        0  fpclassify.o(i.__ARM_fpclassify)
    i._is_digit                              0x00002798   Section        0  __printf_wp.o(i._is_digit)
    locale$$code                             0x000027a8   Section       44  lc_numeric_c.o(locale$$code)
    locale$$code                             0x000027d4   Section       44  lc_ctype_c.o(locale$$code)
    $v0                                      0x00002800   Number         0  daddsub_clz.o(x$fpl$dadd)
    x$fpl$dadd                               0x00002800   Section      336  daddsub_clz.o(x$fpl$dadd)
    _dadd1                                   0x00002811   Thumb Code     0  daddsub_clz.o(x$fpl$dadd)
    $v0                                      0x00002950   Number         0  dcmpi.o(x$fpl$dcmpinf)
    x$fpl$dcmpinf                            0x00002950   Section       24  dcmpi.o(x$fpl$dcmpinf)
    $v0                                      0x00002968   Number         0  ddiv.o(x$fpl$ddiv)
    x$fpl$ddiv                               0x00002968   Section      696  ddiv.o(x$fpl$ddiv)
    ddiv_entry                               0x0000296f   Thumb Code     0  ddiv.o(x$fpl$ddiv)
    $v0                                      0x00002c20   Number         0  deqf.o(x$fpl$deqf)
    x$fpl$deqf                               0x00002c20   Section      120  deqf.o(x$fpl$deqf)
    $v0                                      0x00002c98   Number         0  dfix.o(x$fpl$dfix)
    x$fpl$dfix                               0x00002c98   Section       94  dfix.o(x$fpl$dfix)
    $v0                                      0x00002cf6   Number         0  dflt_clz.o(x$fpl$dflt)
    x$fpl$dflt                               0x00002cf6   Section       46  dflt_clz.o(x$fpl$dflt)
    $v0                                      0x00002d24   Number         0  dflt_clz.o(x$fpl$dfltu)
    x$fpl$dfltu                              0x00002d24   Section       38  dflt_clz.o(x$fpl$dfltu)
    $v0                                      0x00002d4c   Number         0  dgeqf.o(x$fpl$dgeqf)
    x$fpl$dgeqf                              0x00002d4c   Section      120  dgeqf.o(x$fpl$dgeqf)
    $v0                                      0x00002dc4   Number         0  dleqf.o(x$fpl$dleqf)
    x$fpl$dleqf                              0x00002dc4   Section      120  dleqf.o(x$fpl$dleqf)
    $v0                                      0x00002e3c   Number         0  dmul.o(x$fpl$dmul)
    x$fpl$dmul                               0x00002e3c   Section      340  dmul.o(x$fpl$dmul)
    $v0                                      0x00002f90   Number         0  dnaninf.o(x$fpl$dnaninf)
    x$fpl$dnaninf                            0x00002f90   Section      156  dnaninf.o(x$fpl$dnaninf)
    $v0                                      0x0000302c   Number         0  dretinf.o(x$fpl$dretinf)
    x$fpl$dretinf                            0x0000302c   Section       12  dretinf.o(x$fpl$dretinf)
    $v0                                      0x00003038   Number         0  daddsub_clz.o(x$fpl$dsub)
    x$fpl$dsub                               0x00003038   Section      476  daddsub_clz.o(x$fpl$dsub)
    _dsub1                                   0x00003049   Thumb Code     0  daddsub_clz.o(x$fpl$dsub)
    $v0                                      0x00003214   Number         0  dcmp.o(x$fpl$fcmp)
    x$fpl$fcmp                               0x00003214   Section       84  dcmp.o(x$fpl$fcmp)
    $v0                                      0x00003268   Number         0  fpinit.o(x$fpl$fpinit)
    x$fpl$fpinit                             0x00003268   Section       26  fpinit.o(x$fpl$fpinit)
    $v0                                      0x00003282   Number         0  printf1.o(x$fpl$printf1)
    x$fpl$printf1                            0x00003282   Section        4  printf1.o(x$fpl$printf1)
    $v0                                      0x00003286   Number         0  printf2.o(x$fpl$printf2)
    x$fpl$printf2                            0x00003286   Section        4  printf2.o(x$fpl$printf2)
    x$fpl$usenofp                            0x0000328a   Section        0  usenofp.o(x$fpl$usenofp)
    initial_mbstate                          0x0000328c   Data           8  _printf_wctomb.o(.constdata)
    .constdata                               0x0000328c   Section        8  _printf_wctomb.o(.constdata)
    uc_hextab                                0x00003294   Data          20  _printf_hex_int_ll_ptr.o(.constdata)
    .constdata                               0x00003294   Section       40  _printf_hex_int_ll_ptr.o(.constdata)
    lc_hextab                                0x000032a8   Data          20  _printf_hex_int_ll_ptr.o(.constdata)
    maptable                                 0x000032bc   Data          17  __printf_flags_ss_wp.o(.constdata)
    .constdata                               0x000032bc   Section       17  __printf_flags_ss_wp.o(.constdata)
    lc_hextab                                0x000032cd   Data          19  _printf_fp_hex.o(.constdata)
    .constdata                               0x000032cd   Section       38  _printf_fp_hex.o(.constdata)
    uc_hextab                                0x000032e0   Data          19  _printf_fp_hex.o(.constdata)
    tenpwrs_x                                0x000032f4   Data          60  bigflt0.o(.constdata)
    .constdata                               0x000032f4   Section      148  bigflt0.o(.constdata)
    tenpwrs_i                                0x00003330   Data          64  bigflt0.o(.constdata)
    .L.str.1                                 0x00003388   Data          15  main.o(.rodata.str1.1)
    [Anonymous Symbol]                       0x00003388   Section        0  main.o(.rodata.str1.1)
    .L.str                                   0x00003397   Data          14  main.o(.rodata.str1.1)
    .L.str                                   0x000033a5   Data           3  edubase_lcd.o(.rodata.str1.1)
    [Anonymous Symbol]                       0x000033a5   Section        0  edubase_lcd.o(.rodata.str1.1)
    .L.str.1                                 0x000033a8   Data           5  edubase_lcd.o(.rodata.str1.1)
    locale$$data                             0x000033c0   Section       28  lc_numeric_c.o(locale$$data)
    __lcnum_c_name                           0x000033c4   Data           2  lc_numeric_c.o(locale$$data)
    __lcnum_c_start                          0x000033cc   Data           0  lc_numeric_c.o(locale$$data)
    __lcnum_c_point                          0x000033d8   Data           0  lc_numeric_c.o(locale$$data)
    __lcnum_c_thousands                      0x000033da   Data           0  lc_numeric_c.o(locale$$data)
    __lcnum_c_grouping                       0x000033db   Data           0  lc_numeric_c.o(locale$$data)
    __lcnum_c_end                            0x000033dc   Data           0  lc_numeric_c.o(locale$$data)
    locale$$data                             0x000033dc   Section      272  lc_ctype_c.o(locale$$data)
    __lcctype_c_name                         0x000033e0   Data           2  lc_ctype_c.o(locale$$data)
    __lcctype_c_start                        0x000033e8   Data           0  lc_ctype_c.o(locale$$data)
    __lcctype_c_end                          0x000034ec   Data           0  lc_ctype_c.o(locale$$data)
    .bss                                     0x20000000   Section       96  libspace.o(.bss)
    adc_buffer                               0x20000060   Data          64  main.o(.bss.adc_buffer)
    [Anonymous Symbol]                       0x20000060   Section        0  main.o(.bss.adc_buffer)
    display_control                          0x200000a0   Data           1  edubase_lcd.o(.bss.display_control)
    [Anonymous Symbol]                       0x200000a0   Section        0  edubase_lcd.o(.bss.display_control)
    ms_active                                0x200000a1   Data           1  systick_delay.o(.bss.ms_active)
    [Anonymous Symbol]                       0x200000a1   Section        0  systick_delay.o(.bss.ms_active)
    ms_elapsed                               0x200000a4   Data           4  systick_delay.o(.bss.ms_elapsed)
    [Anonymous Symbol]                       0x200000a4   Section        0  systick_delay.o(.bss.ms_elapsed)
    us_elapsed                               0x200000a8   Data           4  systick_delay.o(.bss.us_elapsed)
    [Anonymous Symbol]                       0x200000a8   Section        0  systick_delay.o(.bss.us_elapsed)
    Heap_Mem                                 0x200000b0   Data        1024  startup_tm4c123.o(HEAP)
    HEAP                                     0x200000b0   Section     1024  startup_tm4c123.o(HEAP)
    Stack_Mem                                0x200004b0   Data        2048  startup_tm4c123.o(STACK)
    STACK                                    0x200004b0   Section     2048  startup_tm4c123.o(STACK)
    __initial_sp                             0x20000cb0   Data           0  startup_tm4c123.o(STACK)

    Global Symbols

    Symbol Name                              Value     Ov Type        Size  Object(Section)

    BuildAttributes$$THM_ISAv4$E$P$D$K$B$S$7EM$VFPi3$EXTD16$VFPS$VFMA$PE$A:L22UL41UL21$X:L11$S22US41US21$IEEE1$IW$~IW$USESV6$~STKCKD$USESV7$~SHL$OTIME$ROPI$IEEEJ$EBA8$UX$STANDARDLIB$REQ8$PRES8$EABIv2 0x00000000   Number         0  anon$$obj.o ABSOLUTE
    __Vectors                                0x00000000   Data           4  startup_tm4c123.o(RESET)
    _printf_flags                            0x00000000   Number         0  printf_stubs.o ABSOLUTE
    _printf_return_value                     0x00000000   Number         0  printf_stubs.o ABSOLUTE
    _printf_sizespec                         0x00000000   Number         0  printf_stubs.o ABSOLUTE
    _printf_widthprec                        0x00000000   Number         0  printf_stubs.o ABSOLUTE
    __ARM_exceptions_init                     - Undefined Weak Reference
    __alloca_initialize                       - Undefined Weak Reference
    __arm_preinit_                            - Undefined Weak Reference
    __arm_relocate_pie_                       - Undefined Weak Reference
    __cpp_initialize__aeabi_                  - Undefined Weak Reference
    __cxa_finalize                            - Undefined Weak Reference
    __sigvec_lookup                           - Undefined Weak Reference
    _atexit_init                              - Undefined Weak Reference
    _call_atexit_fns                          - Undefined Weak Reference
    _clock_init                               - Undefined Weak Reference
    _fp_trap_init                             - Undefined Weak Reference
    _fp_trap_shutdown                         - Undefined Weak Reference
    _get_lc_collate                           - Undefined Weak Reference
    _get_lc_monetary                          - Undefined Weak Reference
    _get_lc_time                              - Undefined Weak Reference
    _getenv_init                              - Undefined Weak Reference
    _handle_redirection                       - Undefined Weak Reference
    _init_alloc                               - Undefined Weak Reference
    _init_user_alloc                          - Undefined Weak Reference
    _initio                                   - Undefined Weak Reference
    _printf_mbtowc                            - Undefined Weak Reference
    _printf_wc                                - Undefined Weak Reference
    _rand_init                                - Undefined Weak Reference
    _signal_finish                            - Undefined Weak Reference
    _signal_init                              - Undefined Weak Reference
    _terminate_alloc                          - Undefined Weak Reference
    _terminate_user_alloc                     - Undefined Weak Reference
    _terminateio                              - Undefined Weak Reference
    __Vectors_End                            0x0000026c   Data           0  startup_tm4c123.o(RESET)
    __Vectors_Size                           0x0000026c   Number         0  startup_tm4c123.o ABSOLUTE
    __main                                   0x0000026d   Thumb Code     8  __main.o(!!!main)
    __scatterload                            0x00000275   Thumb Code     0  __scatter.o(!!!scatter)
    __scatterload_rt2                        0x00000275   Thumb Code    84  __scatter.o(!!!scatter)
    __scatterload_rt2_thumb_only             0x00000275   Thumb Code     0  __scatter.o(!!!scatter)
    __scatterload_loop                       0x0000027f   Thumb Code     0  __scatter.o(!!!scatter)
    __scatterload_null                       0x000002d1   Thumb Code     2  __scatter.o(!!handler_null)
    __scatterload_zeroinit                   0x000002d5   Thumb Code    28  __scatter_zi.o(!!handler_zi)
    _printf_n                                0x000002f1   Thumb Code     0  _printf_n.o(.ARM.Collect$$_printf_percent$$00000001)
    _printf_percent                          0x000002f1   Thumb Code     0  _printf_percent.o(.ARM.Collect$$_printf_percent$$00000000)
    _printf_p                                0x000002f7   Thumb Code     0  _printf_p.o(.ARM.Collect$$_printf_percent$$00000002)
    _printf_f                                0x000002fd   Thumb Code     0  _printf_f.o(.ARM.Collect$$_printf_percent$$00000003)
    _printf_e                                0x00000303   Thumb Code     0  _printf_e.o(.ARM.Collect$$_printf_percent$$00000004)
    _printf_g                                0x00000309   Thumb Code     0  _printf_g.o(.ARM.Collect$$_printf_percent$$00000005)
    _printf_a                                0x0000030f   Thumb Code     0  _printf_a.o(.ARM.Collect$$_printf_percent$$00000006)
    _printf_ll                               0x00000315   Thumb Code     0  _printf_ll.o(.ARM.Collect$$_printf_percent$$00000007)
    _printf_i                                0x0000031f   Thumb Code     0  _printf_i.o(.ARM.Collect$$_printf_percent$$00000008)
    _printf_d                                0x00000325   Thumb Code     0  _printf_d.o(.ARM.Collect$$_printf_percent$$00000009)
    _printf_u                                0x0000032b   Thumb Code     0  _printf_u.o(.ARM.Collect$$_printf_percent$$0000000A)
    _printf_o                                0x00000331   Thumb Code     0  _printf_o.o(.ARM.Collect$$_printf_percent$$0000000B)
    _printf_x                                0x00000337   Thumb Code     0  _printf_x.o(.ARM.Collect$$_printf_percent$$0000000C)
    _printf_lli                              0x0000033d   Thumb Code     0  _printf_lli.o(.ARM.Collect$$_printf_percent$$0000000D)
    _printf_lld                              0x00000343   Thumb Code     0  _printf_lld.o(.ARM.Collect$$_printf_percent$$0000000E)
    _printf_llu                              0x00000349   Thumb Code     0  _printf_llu.o(.ARM.Collect$$_printf_percent$$0000000F)
    _printf_llo                              0x0000034f   Thumb Code     0  _printf_llo.o(.ARM.Collect$$_printf_percent$$00000010)
    _printf_llx                              0x00000355   Thumb Code     0  _printf_llx.o(.ARM.Collect$$_printf_percent$$00000011)
    _printf_l                                0x0000035b   Thumb Code     0  _printf_l.o(.ARM.Collect$$_printf_percent$$00000012)
    _printf_c                                0x00000365   Thumb Code     0  _printf_c.o(.ARM.Collect$$_printf_percent$$00000013)
    _printf_s                                0x0000036b   Thumb Code     0  _printf_s.o(.ARM.Collect$$_printf_percent$$00000014)
    _printf_lc                               0x00000371   Thumb Code     0  _printf_lc.o(.ARM.Collect$$_printf_percent$$00000015)
    _printf_ls                               0x00000377   Thumb Code     0  _printf_ls.o(.ARM.Collect$$_printf_percent$$00000016)
    _printf_percent_end                      0x0000037d   Thumb Code     0  _printf_percent_end.o(.ARM.Collect$$_printf_percent$$00000017)
    __rt_lib_init                            0x00000381   Thumb Code     0  libinit.o(.ARM.Collect$$libinit$$00000000)
    __rt_lib_init_fp_1                       0x00000383   Thumb Code     0  libinit2.o(.ARM.Collect$$libinit$$00000001)
    __rt_lib_init_heap_1                     0x00000387   Thumb Code     0  libinit2.o(.ARM.Collect$$libinit$$0000000C)
    __rt_lib_init_lc_common                  0x00000387   Thumb Code     0  libinit2.o(.ARM.Collect$$libinit$$00000011)
    __rt_lib_init_preinit_1                  0x00000387   Thumb Code     0  libinit2.o(.ARM.Collect$$libinit$$00000006)
    __rt_lib_init_rand_1                     0x00000387   Thumb Code     0  libinit2.o(.ARM.Collect$$libinit$$00000010)
    __rt_lib_init_relocate_pie_1             0x00000387   Thumb Code     0  libinit2.o(.ARM.Collect$$libinit$$00000004)
    __rt_lib_init_user_alloc_1               0x00000387   Thumb Code     0  libinit2.o(.ARM.Collect$$libinit$$0000000E)
    __rt_lib_init_lc_collate_1               0x0000038d   Thumb Code     0  libinit2.o(.ARM.Collect$$libinit$$00000013)
    __rt_lib_init_lc_ctype_2                 0x0000038d   Thumb Code     0  libinit2.o(.ARM.Collect$$libinit$$00000014)
    __rt_lib_init_lc_ctype_1                 0x00000399   Thumb Code     0  libinit2.o(.ARM.Collect$$libinit$$00000015)
    __rt_lib_init_lc_monetary_1              0x00000399   Thumb Code     0  libinit2.o(.ARM.Collect$$libinit$$00000017)
    __rt_lib_init_lc_numeric_2               0x00000399   Thumb Code     0  libinit2.o(.ARM.Collect$$libinit$$00000018)
    __rt_lib_init_alloca_1                   0x000003a3   Thumb Code     0  libinit2.o(.ARM.Collect$$libinit$$00000030)
    __rt_lib_init_argv_1                     0x000003a3   Thumb Code     0  libinit2.o(.ARM.Collect$$libinit$$0000002E)
    __rt_lib_init_atexit_1                   0x000003a3   Thumb Code     0  libinit2.o(.ARM.Collect$$libinit$$0000001D)
    __rt_lib_init_clock_1                    0x000003a3   Thumb Code     0  libinit2.o(.ARM.Collect$$libinit$$00000023)
    __rt_lib_init_cpp_1                      0x000003a3   Thumb Code     0  libinit2.o(.ARM.Collect$$libinit$$00000034)
    __rt_lib_init_exceptions_1               0x000003a3   Thumb Code     0  libinit2.o(.ARM.Collect$$libinit$$00000032)
    __rt_lib_init_fp_trap_1                  0x000003a3   Thumb Code     0  libinit2.o(.ARM.Collect$$libinit$$00000021)
    __rt_lib_init_getenv_1                   0x000003a3   Thumb Code     0  libinit2.o(.ARM.Collect$$libinit$$00000025)
    __rt_lib_init_lc_numeric_1               0x000003a3   Thumb Code     0  libinit2.o(.ARM.Collect$$libinit$$00000019)
    __rt_lib_init_lc_time_1                  0x000003a3   Thumb Code     0  libinit2.o(.ARM.Collect$$libinit$$0000001B)
    __rt_lib_init_return                     0x000003a3   Thumb Code     0  libinit2.o(.ARM.Collect$$libinit$$00000035)
    __rt_lib_init_signal_1                   0x000003a3   Thumb Code     0  libinit2.o(.ARM.Collect$$libinit$$0000001F)
    __rt_lib_init_stdio_1                    0x000003a3   Thumb Code     0  libinit2.o(.ARM.Collect$$libinit$$00000027)
    __rt_lib_shutdown                        0x000003a5   Thumb Code     0  libshutdown.o(.ARM.Collect$$libshutdown$$00000000)
    __rt_lib_shutdown_cpp_1                  0x000003a7   Thumb Code     0  libshutdown2.o(.ARM.Collect$$libshutdown$$00000002)
    __rt_lib_shutdown_fp_trap_1              0x000003a7   Thumb Code     0  libshutdown2.o(.ARM.Collect$$libshutdown$$00000007)
    __rt_lib_shutdown_heap_1                 0x000003a7   Thumb Code     0  libshutdown2.o(.ARM.Collect$$libshutdown$$0000000F)
    __rt_lib_shutdown_return                 0x000003a7   Thumb Code     0  libshutdown2.o(.ARM.Collect$$libshutdown$$00000010)
    __rt_lib_shutdown_signal_1               0x000003a7   Thumb Code     0  libshutdown2.o(.ARM.Collect$$libshutdown$$0000000A)
    __rt_lib_shutdown_stdio_1                0x000003a7   Thumb Code     0  libshutdown2.o(.ARM.Collect$$libshutdown$$00000004)
    __rt_lib_shutdown_user_alloc_1           0x000003a7   Thumb Code     0  libshutdown2.o(.ARM.Collect$$libshutdown$$0000000C)
    __rt_entry                               0x000003a9   Thumb Code     0  __rtentry.o(.ARM.Collect$$rtentry$$00000000)
    __rt_entry_presh_1                       0x000003a9   Thumb Code     0  __rtentry2.o(.ARM.Collect$$rtentry$$00000002)
    __rt_entry_sh                            0x000003a9   Thumb Code     0  __rtentry4.o(.ARM.Collect$$rtentry$$00000004)
    __rt_entry_li                            0x000003af   Thumb Code     0  __rtentry2.o(.ARM.Collect$$rtentry$$0000000A)
    __rt_entry_postsh_1                      0x000003af   Thumb Code     0  __rtentry2.o(.ARM.Collect$$rtentry$$00000009)
    __rt_entry_main                          0x000003b3   Thumb Code     0  __rtentry2.o(.ARM.Collect$$rtentry$$0000000D)
    __rt_entry_postli_1                      0x000003b3   Thumb Code     0  __rtentry2.o(.ARM.Collect$$rtentry$$0000000C)
    __rt_exit                                0x000003bb   Thumb Code     0  rtexit.o(.ARM.Collect$$rtexit$$00000000)
    __rt_exit_ls                             0x000003bd   Thumb Code     0  rtexit2.o(.ARM.Collect$$rtexit$$00000003)
    __rt_exit_prels_1                        0x000003bd   Thumb Code     0  rtexit2.o(.ARM.Collect$$rtexit$$00000002)
    __rt_exit_exit                           0x000003c1   Thumb Code     0  rtexit2.o(.ARM.Collect$$rtexit$$00000004)
    Reset_Handler                            0x000003c9   Thumb Code     8  startup_tm4c123.o(.text)
    NMI_Handler                              0x000003d1   Thumb Code     2  startup_tm4c123.o(.text)
    HardFault_Handler                        0x000003d3   Thumb Code     2  startup_tm4c123.o(.text)
    MemManage_Handler                        0x000003d5   Thumb Code     2  startup_tm4c123.o(.text)
    BusFault_Handler                         0x000003d7   Thumb Code     2  startup_tm4c123.o(.text)
    UsageFault_Handler                       0x000003d9   Thumb Code     2  startup_tm4c123.o(.text)
    SVC_Handler                              0x000003db   Thumb Code     2  startup_tm4c123.o(.text)
    DebugMon_Handler                         0x000003dd   Thumb Code     2  startup_tm4c123.o(.text)
    PendSV_Handler                           0x000003df   Thumb Code     2  startup_tm4c123.o(.text)
    GPIOA_Handler                            0x000003e3   Thumb Code     2  startup_tm4c123.o(.text)
    GPIOB_Handler                            0x000003e5   Thumb Code     2  startup_tm4c123.o(.text)
    GPIOC_Handler                            0x000003e7   Thumb Code     2  startup_tm4c123.o(.text)
    GPIOD_Handler                            0x000003e9   Thumb Code     2  startup_tm4c123.o(.text)
    GPIOE_Handler                            0x000003eb   Thumb Code     2  startup_tm4c123.o(.text)
    UART0_Handler                            0x000003ed   Thumb Code     2  startup_tm4c123.o(.text)
    UART1_Handler                            0x000003ef   Thumb Code     2  startup_tm4c123.o(.text)
    SSI0_Handler                             0x000003f1   Thumb Code     2  startup_tm4c123.o(.text)
    I2C0_Handler                             0x000003f3   Thumb Code     2  startup_tm4c123.o(.text)
    PMW0_FAULT_Handler                       0x000003f5   Thumb Code     2  startup_tm4c123.o(.text)
    PWM0_0_Handler                           0x000003f7   Thumb Code     2  startup_tm4c123.o(.text)
    PWM0_1_Handler                           0x000003f9   Thumb Code     2  startup_tm4c123.o(.text)
    PWM0_2_Handler                           0x000003fb   Thumb Code     2  startup_tm4c123.o(.text)
    QEI0_Handler                             0x000003fd   Thumb Code     2  startup_tm4c123.o(.text)
    ADC0SS0_Handler                          0x000003ff   Thumb Code     2  startup_tm4c123.o(.text)
    ADC0SS1_Handler                          0x00000401   Thumb Code     2  startup_tm4c123.o(.text)
    ADC0SS2_Handler                          0x00000403   Thumb Code     2  startup_tm4c123.o(.text)
    ADC0SS3_Handler                          0x00000405   Thumb Code     2  startup_tm4c123.o(.text)
    WDT0_Handler                             0x00000407   Thumb Code     2  startup_tm4c123.o(.text)
    TIMER0A_Handler                          0x00000409   Thumb Code     2  startup_tm4c123.o(.text)
    TIMER0B_Handler                          0x0000040b   Thumb Code     2  startup_tm4c123.o(.text)
    TIMER1A_Handler                          0x0000040d   Thumb Code     2  startup_tm4c123.o(.text)
    TIMER1B_Handler                          0x0000040f   Thumb Code     2  startup_tm4c123.o(.text)
    TIMER2A_Handler                          0x00000411   Thumb Code     2  startup_tm4c123.o(.text)
    TIMER2B_Handler                          0x00000413   Thumb Code     2  startup_tm4c123.o(.text)
    COMP0_Handler                            0x00000415   Thumb Code     2  startup_tm4c123.o(.text)
    COMP1_Handler                            0x00000417   Thumb Code     2  startup_tm4c123.o(.text)
    COMP2_Handler                            0x00000419   Thumb Code     2  startup_tm4c123.o(.text)
    SYSCTL_Handler                           0x0000041b   Thumb Code     2  startup_tm4c123.o(.text)
    FLASH_Handler                            0x0000041d   Thumb Code     2  startup_tm4c123.o(.text)
    GPIOF_Handler                            0x0000041f   Thumb Code     2  startup_tm4c123.o(.text)
    GPIOG_Handler                            0x00000421   Thumb Code     2  startup_tm4c123.o(.text)
    GPIOH_Handler                            0x00000423   Thumb Code     2  startup_tm4c123.o(.text)
    UART2_Handler                            0x00000425   Thumb Code     2  startup_tm4c123.o(.text)
    SSI1_Handler                             0x00000427   Thumb Code     2  startup_tm4c123.o(.text)
    TIMER3A_Handler                          0x00000429   Thumb Code     2  startup_tm4c123.o(.text)
    TIMER3B_Handler                          0x0000042b   Thumb Code     2  startup_tm4c123.o(.text)
    I2C1_Handler                             0x0000042d   Thumb Code     2  startup_tm4c123.o(.text)
    QEI1_Handler                             0x0000042f   Thumb Code     2  startup_tm4c123.o(.text)
    CAN0_Handler                             0x00000431   Thumb Code     2  startup_tm4c123.o(.text)
    CAN1_Handler                             0x00000433   Thumb Code     2  startup_tm4c123.o(.text)
    CAN2_Handler                             0x00000435   Thumb Code     2  startup_tm4c123.o(.text)
    HIB_Handler                              0x00000437   Thumb Code     2  startup_tm4c123.o(.text)
    USB0_Handler                             0x00000439   Thumb Code     2  startup_tm4c123.o(.text)
    PWM0_3_Handler                           0x0000043b   Thumb Code     2  startup_tm4c123.o(.text)
    UDMA_Handler                             0x0000043d   Thumb Code     2  startup_tm4c123.o(.text)
    UDMAERR_Handler                          0x0000043f   Thumb Code     2  startup_tm4c123.o(.text)
    ADC1SS0_Handler                          0x00000441   Thumb Code     2  startup_tm4c123.o(.text)
    ADC1SS1_Handler                          0x00000443   Thumb Code     2  startup_tm4c123.o(.text)
    ADC1SS2_Handler                          0x00000445   Thumb Code     2  startup_tm4c123.o(.text)
    ADC1SS3_Handler                          0x00000447   Thumb Code     2  startup_tm4c123.o(.text)
    GPIOJ_Handler                            0x00000449   Thumb Code     2  startup_tm4c123.o(.text)
    GPIOK_Handler                            0x0000044b   Thumb Code     2  startup_tm4c123.o(.text)
    GPIOL_Handler                            0x0000044d   Thumb Code     2  startup_tm4c123.o(.text)
    SSI2_Handler                             0x0000044f   Thumb Code     2  startup_tm4c123.o(.text)
    SSI3_Handler                             0x00000451   Thumb Code     2  startup_tm4c123.o(.text)
    UART3_Handler                            0x00000453   Thumb Code     2  startup_tm4c123.o(.text)
    UART4_Handler                            0x00000455   Thumb Code     2  startup_tm4c123.o(.text)
    UART5_Handler                            0x00000457   Thumb Code     2  startup_tm4c123.o(.text)
    UART6_Handler                            0x00000459   Thumb Code     2  startup_tm4c123.o(.text)
    UART7_Handler                            0x0000045b   Thumb Code     2  startup_tm4c123.o(.text)
    I2C2_Handler                             0x0000045d   Thumb Code     2  startup_tm4c123.o(.text)
    I2C3_Handler                             0x0000045f   Thumb Code     2  startup_tm4c123.o(.text)
    TIMER4A_Handler                          0x00000461   Thumb Code     2  startup_tm4c123.o(.text)
    TIMER4B_Handler                          0x00000463   Thumb Code     2  startup_tm4c123.o(.text)
    TIMER5A_Handler                          0x00000465   Thumb Code     2  startup_tm4c123.o(.text)
    TIMER5B_Handler                          0x00000467   Thumb Code     2  startup_tm4c123.o(.text)
    WTIMER0A_Handler                         0x00000469   Thumb Code     2  startup_tm4c123.o(.text)
    WTIMER0B_Handler                         0x0000046b   Thumb Code     2  startup_tm4c123.o(.text)
    WTIMER1A_Handler                         0x0000046d   Thumb Code     2  startup_tm4c123.o(.text)
    WTIMER1B_Handler                         0x0000046f   Thumb Code     2  startup_tm4c123.o(.text)
    WTIMER2A_Handler                         0x00000471   Thumb Code     2  startup_tm4c123.o(.text)
    WTIMER2B_Handler                         0x00000473   Thumb Code     2  startup_tm4c123.o(.text)
    WTIMER3A_Handler                         0x00000475   Thumb Code     2  startup_tm4c123.o(.text)
    WTIMER3B_Handler                         0x00000477   Thumb Code     2  startup_tm4c123.o(.text)
    WTIMER4A_Handler                         0x00000479   Thumb Code     2  startup_tm4c123.o(.text)
    WTIMER4B_Handler                         0x0000047b   Thumb Code     2  startup_tm4c123.o(.text)
    WTIMER5A_Handler                         0x0000047d   Thumb Code     2  startup_tm4c123.o(.text)
    WTIMER5B_Handler                         0x0000047f   Thumb Code     2  startup_tm4c123.o(.text)
    FPU_Handler                              0x00000481   Thumb Code     2  startup_tm4c123.o(.text)
    I2C4_Handler                             0x00000483   Thumb Code     2  startup_tm4c123.o(.text)
    I2C5_Handler                             0x00000485   Thumb Code     2  startup_tm4c123.o(.text)
    GPIOM_Handler                            0x00000487   Thumb Code     2  startup_tm4c123.o(.text)
    GPION_Handler                            0x00000489   Thumb Code     2  startup_tm4c123.o(.text)
    QEI2_Handler                             0x0000048b   Thumb Code     2  startup_tm4c123.o(.text)
    GPIOP0_Handler                           0x0000048d   Thumb Code     2  startup_tm4c123.o(.text)
    GPIOP1_Handler                           0x0000048f   Thumb Code     2  startup_tm4c123.o(.text)
    GPIOP2_Handler                           0x00000491   Thumb Code     2  startup_tm4c123.o(.text)
    GPIOP3_Handler                           0x00000493   Thumb Code     2  startup_tm4c123.o(.text)
    GPIOP4_Handler                           0x00000495   Thumb Code     2  startup_tm4c123.o(.text)
    GPIOP5_Handler                           0x00000497   Thumb Code     2  startup_tm4c123.o(.text)
    GPIOP6_Handler                           0x00000499   Thumb Code     2  startup_tm4c123.o(.text)
    GPIOP7_Handler                           0x0000049b   Thumb Code     2  startup_tm4c123.o(.text)
    GPIOQ0_Handler                           0x0000049d   Thumb Code     2  startup_tm4c123.o(.text)
    GPIOQ1_Handler                           0x0000049f   Thumb Code     2  startup_tm4c123.o(.text)
    GPIOQ2_Handler                           0x000004a1   Thumb Code     2  startup_tm4c123.o(.text)
    GPIOQ3_Handler                           0x000004a3   Thumb Code     2  startup_tm4c123.o(.text)
    GPIOQ4_Handler                           0x000004a5   Thumb Code     2  startup_tm4c123.o(.text)
    GPIOQ5_Handler                           0x000004a7   Thumb Code     2  startup_tm4c123.o(.text)
    GPIOQ6_Handler                           0x000004a9   Thumb Code     2  startup_tm4c123.o(.text)
    GPIOQ7_Handler                           0x000004ab   Thumb Code     2  startup_tm4c123.o(.text)
    GPIOR_Handler                            0x000004ad   Thumb Code     2  startup_tm4c123.o(.text)
    GPIOS_Handler                            0x000004af   Thumb Code     2  startup_tm4c123.o(.text)
    PMW1_0_Handler                           0x000004b1   Thumb Code     2  startup_tm4c123.o(.text)
    PWM1_1_Handler                           0x000004b3   Thumb Code     2  startup_tm4c123.o(.text)
    PWM1_2_Handler                           0x000004b5   Thumb Code     2  startup_tm4c123.o(.text)
    PWM1_3_Handler                           0x000004b7   Thumb Code     2  startup_tm4c123.o(.text)
    PWM1_FAULT_Handler                       0x000004b9   Thumb Code     2  startup_tm4c123.o(.text)
    __user_initial_stackheap                 0x000004bd   Thumb Code     0  startup_tm4c123.o(.text)
    sprintf                                  0x000004e1   Thumb Code    38  sprintf.o(.text)
    strlen                                   0x0000050d   Thumb Code    62  strlen.o(.text)
    __use_two_region_memory                  0x0000054b   Thumb Code     2  heapauxi.o(.text)
    __rt_heap_escrow$2region                 0x0000054d   Thumb Code     2  heapauxi.o(.text)
    __rt_heap_expand$2region                 0x0000054f   Thumb Code     2  heapauxi.o(.text)
    _printf_pre_padding                      0x00000551   Thumb Code    44  _printf_pad.o(.text)
    _printf_post_padding                     0x0000057d   Thumb Code    34  _printf_pad.o(.text)
    _printf_truncate_signed                  0x0000059f   Thumb Code    18  _printf_truncate.o(.text)
    _printf_truncate_unsigned                0x000005b1   Thumb Code    18  _printf_truncate.o(.text)
    _printf_str                              0x000005c3   Thumb Code    82  _printf_str.o(.text)
    _printf_int_dec                          0x00000615   Thumb Code   104  _printf_dec.o(.text)
    _printf_charcount                        0x0000068d   Thumb Code    40  _printf_charcount.o(.text)
    _printf_char_common                      0x000006bf   Thumb Code    32  _printf_char_common.o(.text)
    _sputc                                   0x000006e5   Thumb Code    10  _sputc.o(.text)
    _printf_wctomb                           0x000006f1   Thumb Code   182  _printf_wctomb.o(.text)
    _printf_longlong_dec                     0x000007ad   Thumb Code   108  _printf_longlong_dec.o(.text)
    _printf_longlong_oct                     0x00000829   Thumb Code    68  _printf_oct_int_ll.o(.text)
    _printf_int_oct                          0x0000086d   Thumb Code    24  _printf_oct_int_ll.o(.text)
    _printf_ll_oct                           0x00000885   Thumb Code    12  _printf_oct_int_ll.o(.text)
    _printf_longlong_hex                     0x00000899   Thumb Code    86  _printf_hex_int_ll_ptr.o(.text)
    _printf_int_hex                          0x000008ef   Thumb Code    28  _printf_hex_int_ll_ptr.o(.text)
    _printf_ll_hex                           0x0000090b   Thumb Code    12  _printf_hex_int_ll_ptr.o(.text)
    _printf_hex_ptr                          0x00000917   Thumb Code    18  _printf_hex_int_ll_ptr.o(.text)
    __printf                                 0x0000092d   Thumb Code   388  __printf_flags_ss_wp.o(.text)
    _ll_udiv10                               0x00000ab5   Thumb Code   138  lludiv10.o(.text)
    _printf_int_common                       0x00000b3f   Thumb Code   178  _printf_intcommon.o(.text)
    _printf_fp_dec_real                      0x00000da1   Thumb Code   620  _printf_fp_dec.o(.text)
    _printf_fp_hex_real                      0x0000100d   Thumb Code   756  _printf_fp_hex.o(.text)
    _printf_cs_common                        0x00001309   Thumb Code    20  _printf_char.o(.text)
    _printf_char                             0x0000131d   Thumb Code    16  _printf_char.o(.text)
    _printf_string                           0x0000132d   Thumb Code     8  _printf_char.o(.text)
    _printf_lcs_common                       0x00001335   Thumb Code    20  _printf_wchar.o(.text)
    _printf_wchar                            0x00001349   Thumb Code    16  _printf_wchar.o(.text)
    _printf_wstring                          0x00001359   Thumb Code     8  _printf_wchar.o(.text)
    _c16rtomb                                0x00001361   Thumb Code    72  _c16rtomb.o(.text)
    _wcrtomb                                 0x00001361   Thumb Code     0  _c16rtomb.o(.text)
    __user_setup_stackheap                   0x000013a9   Thumb Code    74  sys_stackheap_outer.o(.text)
    __rt_ctype_table                         0x000013f5   Thumb Code    16  rt_ctype_table.o(.text)
    __rt_locale                              0x00001405   Thumb Code     8  rt_locale_intlibspace.o(.text)
    _printf_fp_infnan                        0x0000140d   Thumb Code   112  _printf_fp_infnan.o(.text)
    _btod_etento                             0x0000148d   Thumb Code   224  bigflt0.o(.text)
    exit                                     0x00001571   Thumb Code    18  exit.o(.text)
    __user_libspace                          0x00001585   Thumb Code     8  libspace.o(.text)
    __user_perproc_libspace                  0x00001585   Thumb Code     0  libspace.o(.text)
    __user_perthread_libspace                0x00001585   Thumb Code     0  libspace.o(.text)
    strcmp                                   0x00001591   Thumb Code   124  strcmpv7em.o(.text)
    _sys_exit                                0x0000160d   Thumb Code     8  sys_exit.o(.text)
    __I$use$semihosting                      0x00001619   Thumb Code     0  use_no_semi.o(.text)
    __use_no_semihosting_swi                 0x00001619   Thumb Code     2  use_no_semi.o(.text)
    __semihosting_library_function           0x0000161b   Thumb Code     0  indicate_semi.o(.text)
    ADC_Init                                 0x0000161d   Thumb Code   224  adc.o(.text.ADC_Init)
    ADC_Sample                               0x00001701   Thumb Code   192  adc.o(.text.ADC_Sample)
    Analog_Voltage_to_Digital                0x000017d1   Thumb Code   236  adc.o(.text.Analog_Voltage_to_Digital)
    EduBase_LCD_Clear_Display                0x000018bd   Thumb Code    10  edubase_lcd.o(.text.EduBase_LCD_Clear_Display)
    EduBase_LCD_Disable_Cursor               0x000018c9   Thumb Code    30  edubase_lcd.o(.text.EduBase_LCD_Disable_Cursor)
    EduBase_LCD_Disable_Cursor_Blink         0x000018e9   Thumb Code    30  edubase_lcd.o(.text.EduBase_LCD_Disable_Cursor_Blink)
    EduBase_LCD_Display_Double               0x00001909   Thumb Code    42  edubase_lcd.o(.text.EduBase_LCD_Display_Double)
    EduBase_LCD_Display_Integer              0x00001935   Thumb Code    34  edubase_lcd.o(.text.EduBase_LCD_Display_Integer)
    EduBase_LCD_Display_String               0x00001959   Thumb Code    56  edubase_lcd.o(.text.EduBase_LCD_Display_String)
    EduBase_LCD_Enable_Display               0x00001991   Thumb Code    30  edubase_lcd.o(.text.EduBase_LCD_Enable_Display)
    EduBase_LCD_Init                         0x000019b1   Thumb Code   104  edubase_lcd.o(.text.EduBase_LCD_Init)
    EduBase_LCD_Ports_Init                   0x00001a19   Thumb Code   226  edubase_lcd.o(.text.EduBase_LCD_Ports_Init)
    EduBase_LCD_Pulse_Enable                 0x00001afd   Thumb Code    60  edubase_lcd.o(.text.EduBase_LCD_Pulse_Enable)
    EduBase_LCD_Return_Home                  0x00001b39   Thumb Code    10  edubase_lcd.o(.text.EduBase_LCD_Return_Home)
    EduBase_LCD_Send_Command                 0x00001b45   Thumb Code    70  edubase_lcd.o(.text.EduBase_LCD_Send_Command)
    EduBase_LCD_Send_Data                    0x00001b8d   Thumb Code    42  edubase_lcd.o(.text.EduBase_LCD_Send_Data)
    EduBase_LCD_Set_Cursor                   0x00001bb9   Thumb Code    80  edubase_lcd.o(.text.EduBase_LCD_Set_Cursor)
    EduBase_LCD_Write_4_Bits                 0x00001c09   Thumb Code   114  edubase_lcd.o(.text.EduBase_LCD_Write_4_Bits)
    EduBase_LEDs_Init                        0x00001c7d   Thumb Code    82  gpio.o(.text.EduBase_LEDs_Init)
    EduBase_LEDs_Output                      0x00001cd1   Thumb Code    32  gpio.o(.text.EduBase_LEDs_Output)
    SysTick_Delay1ms                         0x00001cf1   Thumb Code    76  systick_delay.o(.text.SysTick_Delay1ms)
    SysTick_Delay1us                         0x00001d3d   Thumb Code    42  systick_delay.o(.text.SysTick_Delay1us)
    SysTick_Delay_Init                       0x00001d69   Thumb Code    42  systick_delay.o(.text.SysTick_Delay_Init)
    SysTick_Handler                          0x00001d95   Thumb Code    70  systick_delay.o(.text.SysTick_Handler)
    SystemInit                               0x00001ddd   Thumb Code   268  system_tm4c123.o(.text.SystemInit)
    main                                     0x00001ee9   Thumb Code   224  main.o(.text.main)
    _btod_d2e                                0x00001fd9   Thumb Code    62  btod.o(CL$$btod_d2e)
    _d2e_denorm_low                          0x00002017   Thumb Code    70  btod.o(CL$$btod_d2e_denorm_low)
    _d2e_norm_op1                            0x0000205d   Thumb Code    96  btod.o(CL$$btod_d2e_norm_op1)
    __btod_div_common                        0x000020bd   Thumb Code   696  btod.o(CL$$btod_div_common)
    _e2e                                     0x000023f5   Thumb Code   220  btod.o(CL$$btod_e2e)
    _btod_ediv                               0x000024d1   Thumb Code    42  btod.o(CL$$btod_ediv)
    _btod_emul                               0x000024fb   Thumb Code    42  btod.o(CL$$btod_emul)
    __btod_mult_common                       0x00002525   Thumb Code   580  btod.o(CL$$btod_mult_common)
    __ARM_fpclassify                         0x00002769   Thumb Code    48  fpclassify.o(i.__ARM_fpclassify)
    _is_digit                                0x00002799   Thumb Code    14  __printf_wp.o(i._is_digit)
    _get_lc_numeric                          0x000027a9   Thumb Code    44  lc_numeric_c.o(locale$$code)
    _get_lc_ctype                            0x000027d5   Thumb Code    44  lc_ctype_c.o(locale$$code)
    __aeabi_dadd                             0x00002801   Thumb Code     0  daddsub_clz.o(x$fpl$dadd)
    _dadd                                    0x00002801   Thumb Code   332  daddsub_clz.o(x$fpl$dadd)
    __fpl_dcmp_Inf                           0x00002951   Thumb Code    24  dcmpi.o(x$fpl$dcmpinf)
    __aeabi_ddiv                             0x00002969   Thumb Code     0  ddiv.o(x$fpl$ddiv)
    _ddiv                                    0x00002969   Thumb Code   560  ddiv.o(x$fpl$ddiv)
    __aeabi_cdcmpeq                          0x00002c21   Thumb Code     0  deqf.o(x$fpl$deqf)
    _dcmpeq                                  0x00002c21   Thumb Code   120  deqf.o(x$fpl$deqf)
    __aeabi_d2iz                             0x00002c99   Thumb Code     0  dfix.o(x$fpl$dfix)
    _dfix                                    0x00002c99   Thumb Code    94  dfix.o(x$fpl$dfix)
    __aeabi_i2d                              0x00002cf7   Thumb Code     0  dflt_clz.o(x$fpl$dflt)
    _dflt                                    0x00002cf7   Thumb Code    46  dflt_clz.o(x$fpl$dflt)
    __aeabi_ui2d                             0x00002d25   Thumb Code     0  dflt_clz.o(x$fpl$dfltu)
    _dfltu                                   0x00002d25   Thumb Code    38  dflt_clz.o(x$fpl$dfltu)
    __aeabi_cdcmpge                          0x00002d4d   Thumb Code     0  dgeqf.o(x$fpl$dgeqf)
    _dcmpge                                  0x00002d4d   Thumb Code   120  dgeqf.o(x$fpl$dgeqf)
    __aeabi_cdcmple                          0x00002dc5   Thumb Code     0  dleqf.o(x$fpl$dleqf)
    _dcmple                                  0x00002dc5   Thumb Code   120  dleqf.o(x$fpl$dleqf)
    __fpl_dcmple_InfNaN                      0x00002e27   Thumb Code     0  dleqf.o(x$fpl$dleqf)
    __aeabi_dmul                             0x00002e3d   Thumb Code     0  dmul.o(x$fpl$dmul)
    _dmul                                    0x00002e3d   Thumb Code   332  dmul.o(x$fpl$dmul)
    __fpl_dnaninf                            0x00002f91   Thumb Code   156  dnaninf.o(x$fpl$dnaninf)
    __fpl_dretinf                            0x0000302d   Thumb Code    12  dretinf.o(x$fpl$dretinf)
    __aeabi_dsub                             0x00003039   Thumb Code     0  daddsub_clz.o(x$fpl$dsub)
    _dsub                                    0x00003039   Thumb Code   472  daddsub_clz.o(x$fpl$dsub)
    __aeabi_dcmpeq                           0x00003215   Thumb Code     0  dcmp.o(x$fpl$fcmp)
    _deq                                     0x00003215   Thumb Code    14  dcmp.o(x$fpl$fcmp)
    _dneq                                    0x00003223   Thumb Code    14  dcmp.o(x$fpl$fcmp)
    __aeabi_dcmpgt                           0x00003231   Thumb Code     0  dcmp.o(x$fpl$fcmp)
    _dgr                                     0x00003231   Thumb Code    14  dcmp.o(x$fpl$fcmp)
    __aeabi_dcmpge                           0x0000323f   Thumb Code     0  dcmp.o(x$fpl$fcmp)
    _dgeq                                    0x0000323f   Thumb Code    14  dcmp.o(x$fpl$fcmp)
    __aeabi_dcmple                           0x0000324d   Thumb Code     0  dcmp.o(x$fpl$fcmp)
    _dleq                                    0x0000324d   Thumb Code    14  dcmp.o(x$fpl$fcmp)
    __aeabi_dcmplt                           0x0000325b   Thumb Code     0  dcmp.o(x$fpl$fcmp)
    _dls                                     0x0000325b   Thumb Code    14  dcmp.o(x$fpl$fcmp)
    _fp_init                                 0x00003269   Thumb Code    26  fpinit.o(x$fpl$fpinit)
    __fplib_config_fpu_vfp                   0x00003281   Thumb Code     0  fpinit.o(x$fpl$fpinit)
    __fplib_config_pureend_doubles           0x00003281   Thumb Code     0  fpinit.o(x$fpl$fpinit)
    _printf_fp_dec                           0x00003283   Thumb Code     4  printf1.o(x$fpl$printf1)
    _printf_fp_hex                           0x00003287   Thumb Code     4  printf2.o(x$fpl$printf2)
    __I$use$fp                               0x0000328a   Number         0  usenofp.o(x$fpl$usenofp)
    Region$$Table$$Base                      0x000033b0   Number         0  anon$$obj.o(Region$$Table)
    Region$$Table$$Limit                     0x000033c0   Number         0  anon$$obj.o(Region$$Table)
    __ctype                                  0x000033e9   Data           0  lc_ctype_c.o(locale$$data)
    __libspace_start                         0x20000000   Data          96  libspace.o(.bss)
    __temporary_stack_top$libspace           0x20000060   Data           0  libspace.o(.bss)



==============================================================================

Memory Map of the image

  Image Entry point : 0x000003c9

  Load Region LR_1 (Base: 0x00000000, Size: 0x000034ec, Max: 0xffffffff, ABSOLUTE)

    Execution Region ER_RO (Exec base: 0x00000000, Load base: 0x00000000, Size: 0x000034ec, Max: 0xffffffff, ABSOLUTE)

    Exec Addr    Load Addr    Size         Type   Attr      Idx    E Section Name        Object

    0x00000000   0x00000000   0x0000026c   Data   RO          130    RESET               startup_tm4c123.o
    0x0000026c   0x0000026c   0x00000008   Code   RO          159  * !!!main             c_w.l(__main.o)
    0x00000274   0x00000274   0x0000005c   Code   RO          532    !!!scatter          c_w.l(__scatter.o)
    0x000002d0   0x000002d0   0x00000002   Code   RO          533    !!handler_null      c_w.l(__scatter.o)
    0x000002d2   0x000002d2   0x00000002   PAD
    0x000002d4   0x000002d4   0x0000001c   Code   RO          536    !!handler_zi        c_w.l(__scatter_zi.o)
    0x000002f0   0x000002f0   0x00000000   Code   RO          267    .ARM.Collect$$_printf_percent$$00000000  c_w.l(_printf_percent.o)
    0x000002f0   0x000002f0   0x00000006   Code   RO          256    .ARM.Collect$$_printf_percent$$00000001  c_w.l(_printf_n.o)
    0x000002f6   0x000002f6   0x00000006   Code   RO          258    .ARM.Collect$$_printf_percent$$00000002  c_w.l(_printf_p.o)
    0x000002fc   0x000002fc   0x00000006   Code   RO          263    .ARM.Collect$$_printf_percent$$00000003  c_w.l(_printf_f.o)
    0x00000302   0x00000302   0x00000006   Code   RO          264    .ARM.Collect$$_printf_percent$$00000004  c_w.l(_printf_e.o)
    0x00000308   0x00000308   0x00000006   Code   RO          265    .ARM.Collect$$_printf_percent$$00000005  c_w.l(_printf_g.o)
    0x0000030e   0x0000030e   0x00000006   Code   RO          266    .ARM.Collect$$_printf_percent$$00000006  c_w.l(_printf_a.o)
    0x00000314   0x00000314   0x0000000a   Code   RO          271    .ARM.Collect$$_printf_percent$$00000007  c_w.l(_printf_ll.o)
    0x0000031e   0x0000031e   0x00000006   Code   RO          260    .ARM.Collect$$_printf_percent$$00000008  c_w.l(_printf_i.o)
    0x00000324   0x00000324   0x00000006   Code   RO          261    .ARM.Collect$$_printf_percent$$00000009  c_w.l(_printf_d.o)
    0x0000032a   0x0000032a   0x00000006   Code   RO          262    .ARM.Collect$$_printf_percent$$0000000A  c_w.l(_printf_u.o)
    0x00000330   0x00000330   0x00000006   Code   RO          259    .ARM.Collect$$_printf_percent$$0000000B  c_w.l(_printf_o.o)
    0x00000336   0x00000336   0x00000006   Code   RO          257    .ARM.Collect$$_printf_percent$$0000000C  c_w.l(_printf_x.o)
    0x0000033c   0x0000033c   0x00000006   Code   RO          268    .ARM.Collect$$_printf_percent$$0000000D  c_w.l(_printf_lli.o)
    0x00000342   0x00000342   0x00000006   Code   RO          269    .ARM.Collect$$_printf_percent$$0000000E  c_w.l(_printf_lld.o)
    0x00000348   0x00000348   0x00000006   Code   RO          270    .ARM.Collect$$_printf_percent$$0000000F  c_w.l(_printf_llu.o)
    0x0000034e   0x0000034e   0x00000006   Code   RO          275    .ARM.Collect$$_printf_percent$$00000010  c_w.l(_printf_llo.o)
    0x00000354   0x00000354   0x00000006   Code   RO          276    .ARM.Collect$$_printf_percent$$00000011  c_w.l(_printf_llx.o)
    0x0000035a   0x0000035a   0x0000000a   Code   RO          272    .ARM.Collect$$_printf_percent$$00000012  c_w.l(_printf_l.o)
    0x00000364   0x00000364   0x00000006   Code   RO          254    .ARM.Collect$$_printf_percent$$00000013  c_w.l(_printf_c.o)
    0x0000036a   0x0000036a   0x00000006   Code   RO          255    .ARM.Collect$$_printf_percent$$00000014  c_w.l(_printf_s.o)
    0x00000370   0x00000370   0x00000006   Code   RO          273    .ARM.Collect$$_printf_percent$$00000015  c_w.l(_printf_lc.o)
    0x00000376   0x00000376   0x00000006   Code   RO          274    .ARM.Collect$$_printf_percent$$00000016  c_w.l(_printf_ls.o)
    0x0000037c   0x0000037c   0x00000004   Code   RO          328    .ARM.Collect$$_printf_percent$$00000017  c_w.l(_printf_percent_end.o)
    0x00000380   0x00000380   0x00000002   Code   RO          381    .ARM.Collect$$libinit$$00000000  c_w.l(libinit.o)
    0x00000382   0x00000382   0x00000004   Code   RO          398    .ARM.Collect$$libinit$$00000001  c_w.l(libinit2.o)
    0x00000386   0x00000386   0x00000000   Code   RO          401    .ARM.Collect$$libinit$$00000004  c_w.l(libinit2.o)
    0x00000386   0x00000386   0x00000000   Code   RO          403    .ARM.Collect$$libinit$$00000006  c_w.l(libinit2.o)
    0x00000386   0x00000386   0x00000000   Code   RO          406    .ARM.Collect$$libinit$$0000000C  c_w.l(libinit2.o)
    0x00000386   0x00000386   0x00000000   Code   RO          408    .ARM.Collect$$libinit$$0000000E  c_w.l(libinit2.o)
    0x00000386   0x00000386   0x00000000   Code   RO          410    .ARM.Collect$$libinit$$00000010  c_w.l(libinit2.o)
    0x00000386   0x00000386   0x00000006   Code   RO          411    .ARM.Collect$$libinit$$00000011  c_w.l(libinit2.o)
    0x0000038c   0x0000038c   0x00000000   Code   RO          413    .ARM.Collect$$libinit$$00000013  c_w.l(libinit2.o)
    0x0000038c   0x0000038c   0x0000000c   Code   RO          414    .ARM.Collect$$libinit$$00000014  c_w.l(libinit2.o)
    0x00000398   0x00000398   0x00000000   Code   RO          415    .ARM.Collect$$libinit$$00000015  c_w.l(libinit2.o)
    0x00000398   0x00000398   0x00000000   Code   RO          417    .ARM.Collect$$libinit$$00000017  c_w.l(libinit2.o)
    0x00000398   0x00000398   0x0000000a   Code   RO          418    .ARM.Collect$$libinit$$00000018  c_w.l(libinit2.o)
    0x000003a2   0x000003a2   0x00000000   Code   RO          419    .ARM.Collect$$libinit$$00000019  c_w.l(libinit2.o)
    0x000003a2   0x000003a2   0x00000000   Code   RO          421    .ARM.Collect$$libinit$$0000001B  c_w.l(libinit2.o)
    0x000003a2   0x000003a2   0x00000000   Code   RO          423    .ARM.Collect$$libinit$$0000001D  c_w.l(libinit2.o)
    0x000003a2   0x000003a2   0x00000000   Code   RO          425    .ARM.Collect$$libinit$$0000001F  c_w.l(libinit2.o)
    0x000003a2   0x000003a2   0x00000000   Code   RO          427    .ARM.Collect$$libinit$$00000021  c_w.l(libinit2.o)
    0x000003a2   0x000003a2   0x00000000   Code   RO          429    .ARM.Collect$$libinit$$00000023  c_w.l(libinit2.o)
    0x000003a2   0x000003a2   0x00000000   Code   RO          431    .ARM.Collect$$libinit$$00000025  c_w.l(libinit2.o)
    0x000003a2   0x000003a2   0x00000000   Code   RO          433    .ARM.Collect$$libinit$$00000027  c_w.l(libinit2.o)
    0x000003a2   0x000003a2   0x00000000   Code   RO          437    .ARM.Collect$$libinit$$0000002E  c_w.l(libinit2.o)
    0x000003a2   0x000003a2   0x00000000   Code   RO          439    .ARM.Collect$$libinit$$00000030  c_w.l(libinit2.o)
    0x000003a2   0x000003a2   0x00000000   Code   RO          441    .ARM.Collect$$libinit$$00000032  c_w.l(libinit2.o)
    0x000003a2   0x000003a2   0x00000000   Code   RO          443    .ARM.Collect$$libinit$$00000034  c_w.l(libinit2.o)
    0x000003a2   0x000003a2   0x00000002   Code   RO          444    .ARM.Collect$$libinit$$00000035  c_w.l(libinit2.o)
    0x000003a4   0x000003a4   0x00000002   Code   RO          468    .ARM.Collect$$libshutdown$$00000000  c_w.l(libshutdown.o)
    0x000003a6   0x000003a6   0x00000000   Code   RO          483    .ARM.Collect$$libshutdown$$00000002  c_w.l(libshutdown2.o)
    0x000003a6   0x000003a6   0x00000000   Code   RO          485    .ARM.Collect$$libshutdown$$00000004  c_w.l(libshutdown2.o)
    0x000003a6   0x000003a6   0x00000000   Code   RO          488    .ARM.Collect$$libshutdown$$00000007  c_w.l(libshutdown2.o)
    0x000003a6   0x000003a6   0x00000000   Code   RO          491    .ARM.Collect$$libshutdown$$0000000A  c_w.l(libshutdown2.o)
    0x000003a6   0x000003a6   0x00000000   Code   RO          493    .ARM.Collect$$libshutdown$$0000000C  c_w.l(libshutdown2.o)
    0x000003a6   0x000003a6   0x00000000   Code   RO          496    .ARM.Collect$$libshutdown$$0000000F  c_w.l(libshutdown2.o)
    0x000003a6   0x000003a6   0x00000002   Code   RO          497    .ARM.Collect$$libshutdown$$00000010  c_w.l(libshutdown2.o)
    0x000003a8   0x000003a8   0x00000000   Code   RO          185    .ARM.Collect$$rtentry$$00000000  c_w.l(__rtentry.o)
    0x000003a8   0x000003a8   0x00000000   Code   RO          297    .ARM.Collect$$rtentry$$00000002  c_w.l(__rtentry2.o)
    0x000003a8   0x000003a8   0x00000006   Code   RO          309    .ARM.Collect$$rtentry$$00000004  c_w.l(__rtentry4.o)
    0x000003ae   0x000003ae   0x00000000   Code   RO          299    .ARM.Collect$$rtentry$$00000009  c_w.l(__rtentry2.o)
    0x000003ae   0x000003ae   0x00000004   Code   RO          300    .ARM.Collect$$rtentry$$0000000A  c_w.l(__rtentry2.o)
    0x000003b2   0x000003b2   0x00000000   Code   RO          302    .ARM.Collect$$rtentry$$0000000C  c_w.l(__rtentry2.o)
    0x000003b2   0x000003b2   0x00000008   Code   RO          303    .ARM.Collect$$rtentry$$0000000D  c_w.l(__rtentry2.o)
    0x000003ba   0x000003ba   0x00000002   Code   RO          389    .ARM.Collect$$rtexit$$00000000  c_w.l(rtexit.o)
    0x000003bc   0x000003bc   0x00000000   Code   RO          446    .ARM.Collect$$rtexit$$00000002  c_w.l(rtexit2.o)
    0x000003bc   0x000003bc   0x00000004   Code   RO          447    .ARM.Collect$$rtexit$$00000003  c_w.l(rtexit2.o)
    0x000003c0   0x000003c0   0x00000006   Code   RO          448    .ARM.Collect$$rtexit$$00000004  c_w.l(rtexit2.o)
    0x000003c6   0x000003c6   0x00000002   PAD
    0x000003c8   0x000003c8   0x00000118   Code   RO          131  * .text               startup_tm4c123.o
    0x000004e0   0x000004e0   0x0000002c   Code   RO          153    .text               c_w.l(sprintf.o)
    0x0000050c   0x0000050c   0x0000003e   Code   RO          155    .text               c_w.l(strlen.o)
    0x0000054a   0x0000054a   0x00000006   Code   RO          157    .text               c_w.l(heapauxi.o)
    0x00000550   0x00000550   0x0000004e   Code   RO          188    .text               c_w.l(_printf_pad.o)
    0x0000059e   0x0000059e   0x00000024   Code   RO          190    .text               c_w.l(_printf_truncate.o)
    0x000005c2   0x000005c2   0x00000052   Code   RO          192    .text               c_w.l(_printf_str.o)
    0x00000614   0x00000614   0x00000078   Code   RO          194    .text               c_w.l(_printf_dec.o)
    0x0000068c   0x0000068c   0x00000028   Code   RO          196    .text               c_w.l(_printf_charcount.o)
    0x000006b4   0x000006b4   0x00000030   Code   RO          198    .text               c_w.l(_printf_char_common.o)
    0x000006e4   0x000006e4   0x0000000a   Code   RO          200    .text               c_w.l(_sputc.o)
    0x000006ee   0x000006ee   0x00000002   PAD
    0x000006f0   0x000006f0   0x000000bc   Code   RO          202    .text               c_w.l(_printf_wctomb.o)
    0x000007ac   0x000007ac   0x0000007c   Code   RO          205    .text               c_w.l(_printf_longlong_dec.o)
    0x00000828   0x00000828   0x00000070   Code   RO          211    .text               c_w.l(_printf_oct_int_ll.o)
    0x00000898   0x00000898   0x00000094   Code   RO          231    .text               c_w.l(_printf_hex_int_ll_ptr.o)
    0x0000092c   0x0000092c   0x00000188   Code   RO          251    .text               c_w.l(__printf_flags_ss_wp.o)
    0x00000ab4   0x00000ab4   0x0000008a   Code   RO          311    .text               c_w.l(lludiv10.o)
    0x00000b3e   0x00000b3e   0x000000b2   Code   RO          313    .text               c_w.l(_printf_intcommon.o)
    0x00000bf0   0x00000bf0   0x0000041c   Code   RO          315    .text               c_w.l(_printf_fp_dec.o)
    0x0000100c   0x0000100c   0x000002fc   Code   RO          319    .text               c_w.l(_printf_fp_hex.o)
    0x00001308   0x00001308   0x0000002c   Code   RO          324    .text               c_w.l(_printf_char.o)
    0x00001334   0x00001334   0x0000002c   Code   RO          326    .text               c_w.l(_printf_wchar.o)
    0x00001360   0x00001360   0x00000048   Code   RO          329    .text               c_w.l(_c16rtomb.o)
    0x000013a8   0x000013a8   0x0000004a   Code   RO          333    .text               c_w.l(sys_stackheap_outer.o)
    0x000013f2   0x000013f2   0x00000002   PAD
    0x000013f4   0x000013f4   0x00000010   Code   RO          335    .text               c_w.l(rt_ctype_table.o)
    0x00001404   0x00001404   0x00000008   Code   RO          340    .text               c_w.l(rt_locale_intlibspace.o)
    0x0000140c   0x0000140c   0x00000080   Code   RO          342    .text               c_w.l(_printf_fp_infnan.o)
    0x0000148c   0x0000148c   0x000000e4   Code   RO          344    .text               c_w.l(bigflt0.o)
    0x00001570   0x00001570   0x00000012   Code   RO          374    .text               c_w.l(exit.o)
    0x00001582   0x00001582   0x00000002   PAD
    0x00001584   0x00001584   0x00000008   Code   RO          386    .text               c_w.l(libspace.o)
    0x0000158c   0x0000158c   0x00000004   PAD
    0x00001590   0x00001590   0x0000007c   Code   RO          396    .text               c_w.l(strcmpv7em.o)
    0x0000160c   0x0000160c   0x0000000c   Code   RO          458    .text               c_w.l(sys_exit.o)
    0x00001618   0x00001618   0x00000002   Code   RO          473    .text               c_w.l(use_no_semi.o)
    0x0000161a   0x0000161a   0x00000000   Code   RO          475    .text               c_w.l(indicate_semi.o)
    0x0000161a   0x0000161a   0x00000002   PAD
    0x0000161c   0x0000161c   0x000000e0   Code   RO          116    .text.ADC_Init      adc.o
    0x000016fc   0x000016fc   0x00000004   PAD
    0x00001700   0x00001700   0x000000d0   Code   RO          118    .text.ADC_Sample    adc.o
    0x000017d0   0x000017d0   0x000000ec   Code   RO          120    .text.Analog_Voltage_to_Digital  adc.o
    0x000018bc   0x000018bc   0x0000000a   Code   RO           76    .text.EduBase_LCD_Clear_Display  edubase_lcd.o
    0x000018c6   0x000018c6   0x00000002   PAD
    0x000018c8   0x000018c8   0x0000001e   Code   RO           80    .text.EduBase_LCD_Disable_Cursor  edubase_lcd.o
    0x000018e6   0x000018e6   0x00000002   PAD
    0x000018e8   0x000018e8   0x0000001e   Code   RO           78    .text.EduBase_LCD_Disable_Cursor_Blink  edubase_lcd.o
    0x00001906   0x00001906   0x00000002   PAD
    0x00001908   0x00001908   0x0000002a   Code   RO          104    .text.EduBase_LCD_Display_Double  edubase_lcd.o
    0x00001932   0x00001932   0x00000002   PAD
    0x00001934   0x00001934   0x00000022   Code   RO          102    .text.EduBase_LCD_Display_Integer  edubase_lcd.o
    0x00001956   0x00001956   0x00000002   PAD
    0x00001958   0x00001958   0x00000038   Code   RO          100    .text.EduBase_LCD_Display_String  edubase_lcd.o
    0x00001990   0x00001990   0x0000001e   Code   RO           72    .text.EduBase_LCD_Enable_Display  edubase_lcd.o
    0x000019ae   0x000019ae   0x00000002   PAD
    0x000019b0   0x000019b0   0x00000068   Code   RO           70    .text.EduBase_LCD_Init  edubase_lcd.o
    0x00001a18   0x00001a18   0x000000e2   Code   RO           60    .text.EduBase_LCD_Ports_Init  edubase_lcd.o
    0x00001afa   0x00001afa   0x00000002   PAD
    0x00001afc   0x00001afc   0x0000003c   Code   RO           62    .text.EduBase_LCD_Pulse_Enable  edubase_lcd.o
    0x00001b38   0x00001b38   0x0000000a   Code   RO           74    .text.EduBase_LCD_Return_Home  edubase_lcd.o
    0x00001b42   0x00001b42   0x00000002   PAD
    0x00001b44   0x00001b44   0x00000046   Code   RO           66    .text.EduBase_LCD_Send_Command  edubase_lcd.o
    0x00001b8a   0x00001b8a   0x00000002   PAD
    0x00001b8c   0x00001b8c   0x0000002a   Code   RO           68    .text.EduBase_LCD_Send_Data  edubase_lcd.o
    0x00001bb6   0x00001bb6   0x00000002   PAD
    0x00001bb8   0x00001bb8   0x00000050   Code   RO           82    .text.EduBase_LCD_Set_Cursor  edubase_lcd.o
    0x00001c08   0x00001c08   0x00000072   Code   RO           64    .text.EduBase_LCD_Write_4_Bits  edubase_lcd.o
    0x00001c7a   0x00001c7a   0x00000002   PAD
    0x00001c7c   0x00001c7c   0x00000052   Code   RO           19    .text.EduBase_LEDs_Init  gpio.o
    0x00001cce   0x00001cce   0x00000002   PAD
    0x00001cd0   0x00001cd0   0x00000020   Code   RO           21    .text.EduBase_LEDs_Output  gpio.o
    0x00001cf0   0x00001cf0   0x0000004c   Code   RO           46    .text.SysTick_Delay1ms  systick_delay.o
    0x00001d3c   0x00001d3c   0x0000002a   Code   RO           44    .text.SysTick_Delay1us  systick_delay.o
    0x00001d66   0x00001d66   0x00000002   PAD
    0x00001d68   0x00001d68   0x0000002a   Code   RO           42    .text.SysTick_Delay_Init  systick_delay.o
    0x00001d92   0x00001d92   0x00000002   PAD
    0x00001d94   0x00001d94   0x00000046   Code   RO           48    .text.SysTick_Handler  systick_delay.o
    0x00001dda   0x00001dda   0x00000002   PAD
    0x00001ddc   0x00001ddc   0x0000010c   Code   RO          142    .text.SystemInit    system_tm4c123.o
    0x00001ee8   0x00001ee8   0x000000f0   Code   RO            2    .text.main          main.o
    0x00001fd8   0x00001fd8   0x0000003e   Code   RO          347    CL$$btod_d2e        c_w.l(btod.o)
    0x00002016   0x00002016   0x00000046   Code   RO          349    CL$$btod_d2e_denorm_low  c_w.l(btod.o)
    0x0000205c   0x0000205c   0x00000060   Code   RO          348    CL$$btod_d2e_norm_op1  c_w.l(btod.o)
    0x000020bc   0x000020bc   0x00000338   Code   RO          357    CL$$btod_div_common  c_w.l(btod.o)
    0x000023f4   0x000023f4   0x000000dc   Code   RO          354    CL$$btod_e2e        c_w.l(btod.o)
    0x000024d0   0x000024d0   0x0000002a   Code   RO          351    CL$$btod_ediv       c_w.l(btod.o)
    0x000024fa   0x000024fa   0x0000002a   Code   RO          350    CL$$btod_emul       c_w.l(btod.o)
    0x00002524   0x00002524   0x00000244   Code   RO          356    CL$$btod_mult_common  c_w.l(btod.o)
    0x00002768   0x00002768   0x00000030   Code   RO          384    i.__ARM_fpclassify  m_wm.l(fpclassify.o)
    0x00002798   0x00002798   0x0000000e   Code   RO          244    i._is_digit         c_w.l(__printf_wp.o)
    0x000027a6   0x000027a6   0x00000002   PAD
    0x000027a8   0x000027a8   0x0000002c   Code   RO          372    locale$$code        c_w.l(lc_numeric_c.o)
    0x000027d4   0x000027d4   0x0000002c   Code   RO          394    locale$$code        c_w.l(lc_ctype_c.o)
    0x00002800   0x00002800   0x00000150   Code   RO          161    x$fpl$dadd          fz_wm.l(daddsub_clz.o)
    0x00002950   0x00002950   0x00000018   Code   RO          331    x$fpl$dcmpinf       fz_wm.l(dcmpi.o)
    0x00002968   0x00002968   0x000002b8   Code   RO          170    x$fpl$ddiv          fz_wm.l(ddiv.o)
    0x00002c20   0x00002c20   0x00000078   Code   RO          277    x$fpl$deqf          fz_wm.l(deqf.o)
    0x00002c98   0x00002c98   0x0000005e   Code   RO          173    x$fpl$dfix          fz_wm.l(dfix.o)
    0x00002cf6   0x00002cf6   0x0000002e   Code   RO          178    x$fpl$dflt          fz_wm.l(dflt_clz.o)
    0x00002d24   0x00002d24   0x00000026   Code   RO          177    x$fpl$dfltu         fz_wm.l(dflt_clz.o)
    0x00002d4a   0x00002d4a   0x00000002   PAD
    0x00002d4c   0x00002d4c   0x00000078   Code   RO          279    x$fpl$dgeqf         fz_wm.l(dgeqf.o)
    0x00002dc4   0x00002dc4   0x00000078   Code   RO          281    x$fpl$dleqf         fz_wm.l(dleqf.o)
    0x00002e3c   0x00002e3c   0x00000154   Code   RO          183    x$fpl$dmul          fz_wm.l(dmul.o)
    0x00002f90   0x00002f90   0x0000009c   Code   RO          283    x$fpl$dnaninf       fz_wm.l(dnaninf.o)
    0x0000302c   0x0000302c   0x0000000c   Code   RO          285    x$fpl$dretinf       fz_wm.l(dretinf.o)
    0x00003038   0x00003038   0x000001dc   Code   RO          163    x$fpl$dsub          fz_wm.l(daddsub_clz.o)
    0x00003214   0x00003214   0x00000054   Code   RO          167    x$fpl$fcmp          fz_wm.l(dcmp.o)
    0x00003268   0x00003268   0x0000001a   Code   RO          456    x$fpl$fpinit        fz_wm.l(fpinit.o)
    0x00003282   0x00003282   0x00000004   Code   RO          287    x$fpl$printf1       fz_wm.l(printf1.o)
    0x00003286   0x00003286   0x00000004   Code   RO          289    x$fpl$printf2       fz_wm.l(printf2.o)
    0x0000328a   0x0000328a   0x00000000   Code   RO          295    x$fpl$usenofp       fz_wm.l(usenofp.o)
    0x0000328a   0x0000328a   0x00000002   PAD
    0x0000328c   0x0000328c   0x00000008   Data   RO          203    .constdata          c_w.l(_printf_wctomb.o)
    0x00003294   0x00003294   0x00000028   Data   RO          232    .constdata          c_w.l(_printf_hex_int_ll_ptr.o)
    0x000032bc   0x000032bc   0x00000011   Data   RO          252    .constdata          c_w.l(__printf_flags_ss_wp.o)
    0x000032cd   0x000032cd   0x00000026   Data   RO          320    .constdata          c_w.l(_printf_fp_hex.o)
    0x000032f3   0x000032f3   0x00000001   PAD
    0x000032f4   0x000032f4   0x00000094   Data   RO          345    .constdata          c_w.l(bigflt0.o)
    0x00003388   0x00003388   0x0000001d   Data   RO            4    .rodata.str1.1      main.o
    0x000033a5   0x000033a5   0x00000008   Data   RO          108    .rodata.str1.1      edubase_lcd.o
    0x000033ad   0x000033ad   0x00000003   PAD
    0x000033b0   0x000033b0   0x00000010   Data   RO          531    Region$$Table       anon$$obj.o
    0x000033c0   0x000033c0   0x0000001c   Data   RO          371    locale$$data        c_w.l(lc_numeric_c.o)
    0x000033dc   0x000033dc   0x00000110   Data   RO          393    locale$$data        c_w.l(lc_ctype_c.o)


    Execution Region ER_RW (Exec base: 0x20000000, Load base: 0x000034ec, Size: 0x00000000, Max: 0xffffffff, ABSOLUTE)

    **** No section assigned to this execution region ****


    Execution Region ER_ZI (Exec base: 0x20000000, Load base: 0x000034ec, Size: 0x00000cb0, Max: 0xffffffff, ABSOLUTE)

    Exec Addr    Load Addr    Size         Type   Attr      Idx    E Section Name        Object

    0x20000000        -       0x00000060   Zero   RW          387    .bss                c_w.l(libspace.o)
    0x20000060        -       0x00000040   Zero   RW            5    .bss.adc_buffer     main.o
    0x200000a0        -       0x00000001   Zero   RW          106    .bss.display_control  edubase_lcd.o
    0x200000a1        -       0x00000001   Zero   RW           52    .bss.ms_active      systick_delay.o
    0x200000a2   0x000034ec   0x00000002   PAD
    0x200000a4        -       0x00000004   Zero   RW           51    .bss.ms_elapsed     systick_delay.o
    0x200000a8        -       0x00000004   Zero   RW           50    .bss.us_elapsed     systick_delay.o
    0x200000ac   0x000034ec   0x00000004   PAD
    0x200000b0        -       0x00000400   Zero   RW          129    HEAP                startup_tm4c123.o
    0x200004b0        -       0x00000800   Zero   RW          128    STACK               startup_tm4c123.o


==============================================================================

Image component sizes


      Code (inc. data)   RO Data    RW Data    ZI Data      Debug   Object Name

       668         16          0          0          0       7605   adc.o
       938          0          8          0          1       9900   edubase_lcd.o
       114          0          0          0          0       6786   gpio.o
       240         16         29          0         64        741   main.o
       280         28        620          0       3072       5492   startup_tm4c123.o
       268          0          0          0          0       6838   system_tm4c123.o
       230          0          0          0          9       1364   systick_delay.o

    ----------------------------------------------------------------------
      2772         60        676          0       3152      38726   Object Totals
         0          0         16          0          0          0   (incl. Generated)
        34          0          3          0          6          0   (incl. Padding)

    ----------------------------------------------------------------------

      Code (inc. data)   RO Data    RW Data    ZI Data      Debug   Library Member Name

         8          0          0          0          0         68   __main.o
       392          4         17          0          0         92   __printf_flags_ss_wp.o
        14          0          0          0          0         68   __printf_wp.o
         0          0          0          0          0          0   __rtentry.o
        12          0          0          0          0          0   __rtentry2.o
         6          0          0          0          0          0   __rtentry4.o
        94          8          0          0          0          0   __scatter.o
        28          0          0          0          0          0   __scatter_zi.o
        72          0          0          0          0         96   _c16rtomb.o
         6          0          0          0          0          0   _printf_a.o
         6          0          0          0          0          0   _printf_c.o
        44          0          0          0          0        108   _printf_char.o
        48          6          0          0          0         96   _printf_char_common.o
        40          0          0          0          0         68   _printf_charcount.o
         6          0          0          0          0          0   _printf_d.o
       120         16          0          0          0         92   _printf_dec.o
         6          0          0          0          0          0   _printf_e.o
         6          0          0          0          0          0   _printf_f.o
      1052          0          0          0          0        148   _printf_fp_dec.o
       764          8         38          0          0        100   _printf_fp_hex.o
       128         16          0          0          0         84   _printf_fp_infnan.o
         6          0          0          0          0          0   _printf_g.o
       148          4         40          0          0        160   _printf_hex_int_ll_ptr.o
         6          0          0          0          0          0   _printf_i.o
       178          0          0          0          0         88   _printf_intcommon.o
        10          0          0          0          0          0   _printf_l.o
         6          0          0          0          0          0   _printf_lc.o
        10          0          0          0          0          0   _printf_ll.o
         6          0          0          0          0          0   _printf_lld.o
         6          0          0          0          0          0   _printf_lli.o
         6          0          0          0          0          0   _printf_llo.o
         6          0          0          0          0          0   _printf_llu.o
         6          0          0          0          0          0   _printf_llx.o
       124         16          0          0          0         92   _printf_longlong_dec.o
         6          0          0          0          0          0   _printf_ls.o
         6          0          0          0          0          0   _printf_n.o
         6          0          0          0          0          0   _printf_o.o
       112          8          0          0          0        124   _printf_oct_int_ll.o
         6          0          0          0          0          0   _printf_p.o
        78          0          0          0          0        108   _printf_pad.o
         0          0          0          0          0          0   _printf_percent.o
         4          0          0          0          0          0   _printf_percent_end.o
         6          0          0          0          0          0   _printf_s.o
        82          0          0          0          0         80   _printf_str.o
        36          0          0          0          0         84   _printf_truncate.o
         6          0          0          0          0          0   _printf_u.o
        44          0          0          0          0        108   _printf_wchar.o
       188          6          8          0          0         92   _printf_wctomb.o
         6          0          0          0          0          0   _printf_x.o
        10          0          0          0          0         68   _sputc.o
       228          4        148          0          0         96   bigflt0.o
      1936        128          0          0          0        668   btod.o
        18          0          0          0          0         80   exit.o
         6          0          0          0          0        152   heapauxi.o
         0          0          0          0          0          0   indicate_semi.o
        44         10        272          0          0         76   lc_ctype_c.o
        44         10         28          0          0         76   lc_numeric_c.o
         2          0          0          0          0          0   libinit.o
        34          0          0          0          0          0   libinit2.o
         2          0          0          0          0          0   libshutdown.o
         2          0          0          0          0          0   libshutdown2.o
         8          4          0          0         96         68   libspace.o
       138          0          0          0          0         80   lludiv10.o
        16          4          0          0          0         76   rt_ctype_table.o
         8          4          0          0          0         68   rt_locale_intlibspace.o
         2          0          0          0          0          0   rtexit.o
        10          0          0          0          0          0   rtexit2.o
        44          6          0          0          0         84   sprintf.o
       124          0          0          0          0         88   strcmpv7em.o
        62          0          0          0          0         76   strlen.o
        12          4          0          0          0         68   sys_exit.o
        74          0          0          0          0         80   sys_stackheap_outer.o
         2          0          0          0          0         68   use_no_semi.o
       812         16          0          0          0        392   daddsub_clz.o
        84          0          0          0          0        244   dcmp.o
        24          0          0          0          0        116   dcmpi.o
       696        140          0          0          0        264   ddiv.o
       120          4          0          0          0        140   deqf.o
        94          4          0          0          0        140   dfix.o
        84          0          0          0          0        232   dflt_clz.o
       120          4          0          0          0        140   dgeqf.o
       120          4          0          0          0        140   dleqf.o
       340         12          0          0          0        152   dmul.o
       156          4          0          0          0        140   dnaninf.o
        12          0          0          0          0        116   dretinf.o
        26          0          0          0          0        116   fpinit.o
         4          0          0          0          0        116   printf1.o
         4          0          0          0          0        116   printf2.o
         0          0          0          0          0          0   usenofp.o
        48          0          0          0          0        124   fpclassify.o

    ----------------------------------------------------------------------
      9548        458        552          0         96       6616   Library Totals
        22          4          1          0          0          0   (incl. Padding)

    ----------------------------------------------------------------------

      Code (inc. data)   RO Data    RW Data    ZI Data      Debug   Library Name

      6782        266        551          0         96       3928   c_w.l
      2696        188          0          0          0       2564   fz_wm.l
        48          0          0          0          0        124   m_wm.l

    ----------------------------------------------------------------------
      9548        458        552          0         96       6616   Library Totals

    ----------------------------------------------------------------------

==============================================================================


      Code (inc. data)   RO Data    RW Data    ZI Data      Debug   

     12320        518       1228          0       3248      41562   Grand Totals
     12320        518       1228          0       3248      41562   ELF Image Totals
     12320        518       1228          0          0          0   ROM Totals

==============================================================================

    Total RO  Size (Code + RO Data)                13548 (  13.23kB)
    Total RW  Size (RW Data + ZI Data)              3248 (   3.17kB)
    Total ROM Size (Code + RO Data + RW Data)      13548 (  13.23kB)

==============================================================================

